2026-08-13 18:12:00,011 INFO c.e.m.t.Tenant [DefaultQuartzScheduler_Worker-1] 425cf442-d446-3baa-9da8-59701ceeb6ed    packages.scheduler.cronJob.services.java.getSchedulerJobData.main    Calling startJob for packages.middleware.pub.server.core.gcApi at time: 2026-08-13T18:12:00.004998-06:00[America/Edmonton]
2026-08-13 18:12:00,027 INFO c.e.m.s.DataPipeline [DefaultQuartzScheduler_Worker-1] File created successfully: E:\Dev\oss-sl-server\integration\middleware\tenants\default\snapshots\packages.scheduler.cronJob.services.java.getSchedulerJobData.main@0\425cf442-d446-3baa-9da8-59701ceeb6ed.snap
2026-08-13 18:12:00,148 INFO c.e.m.t.Tenant [DefaultQuartzScheduler_Worker-1] 425cf442-d446-3baa-9da8-59701ceeb6ed    packages.scheduler.cronJob.services.java.getSchedulerJobData.main    packages.middleware.pub.server.core.gcApi ended at time: 2026-08-13 18:12:00
2026-08-13 18:12:00,148 INFO c.e.m.t.Tenant [DefaultQuartzScheduler_Worker-1] 425cf442-d446-3baa-9da8-59701ceeb6ed    packages.scheduler.cronJob.services.java.getSchedulerJobData.main    packages.middleware.pub.server.core.gcApi took : 143ms to finish the job.
2026-08-13 18:12:00,148 INFO c.e.m.t.Tenant [DefaultQuartzScheduler_Worker-1] 425cf442-d446-3baa-9da8-59701ceeb6ed    packages.scheduler.cronJob.services.java.getSchedulerJobData.main    packages.middleware.pub.server.core.gcApi: Service execution completed successfully
2026-08-13 18:14:00,020 INFO c.e.m.t.Tenant [DefaultQuartzScheduler_Worker-1] b2b539a4-83a6-3e72-b58e-adf314cabaea    packages.scheduler.cronJob.services.java.getSchedulerJobData.main    Calling startJob for packages.middleware.pub.server.core.gcApi at time: 2026-08-13T18:14:00.013054-06:00[America/Edmonton]
2026-08-13 18:14:00,036 INFO c.e.m.s.DataPipeline [DefaultQuartzScheduler_Worker-1] File created successfully: E:\Dev\oss-sl-server\integration\middleware\tenants\default\snapshots\packages.scheduler.cronJob.services.java.getSchedulerJobData.main@0\b2b539a4-83a6-3e72-b58e-adf314cabaea.snap
2026-08-13 18:14:00,210 INFO c.e.m.t.Tenant [DefaultQuartzScheduler_Worker-1] b2b539a4-83a6-3e72-b58e-adf314cabaea    packages.scheduler.cronJob.services.java.getSchedulerJobData.main    packages.middleware.pub.server.core.gcApi ended at time: 2026-08-13 18:14:00
2026-08-13 18:14:00,216 INFO c.e.m.t.Tenant [DefaultQuartzScheduler_Worker-1] b2b539a4-83a6-3e72-b58e-adf314cabaea    packages.scheduler.cronJob.services.java.getSchedulerJobData.main    packages.middleware.pub.server.core.gcApi took : 197ms to finish the job.
2026-08-13 18:14:00,216 INFO c.e.m.t.Tenant [DefaultQuartzScheduler_Worker-1] b2b539a4-83a6-3e72-b58e-adf314cabaea    packages.scheduler.cronJob.services.java.getSchedulerJobData.main    packages.middleware.pub.server.core.gcApi: Service execution completed successfully
2026-08-13 18:15:00,010 INFO c.e.m.t.Tenant [DefaultQuartzScheduler_Worker-2] deb63110-f2d2-3ba9-9321-bd1936d3a762    packages.scheduler.cronJob.services.java.getSchedulerJobData.main    Calling startJob for packages.middleware.pub.server.core.gcApi at time: 2026-08-13T18:15:00.005271600-06:00[America/Edmonton]
2026-08-13 18:15:00,010 INFO c.e.m.s.DataPipeline [DefaultQuartzScheduler_Worker-2] File created successfully: E:\Dev\oss-sl-server\integration\middleware\tenants\default\snapshots\packages.scheduler.cronJob.services.java.getSchedulerJobData.main@0\deb63110-f2d2-3ba9-9321-bd1936d3a762.snap
2026-08-13 18:15:00,037 INFO c.e.m.t.Tenant [DefaultQuartzScheduler_Worker-2] deb63110-f2d2-3ba9-9321-bd1936d3a762    packages.scheduler.cronJob.services.java.getSchedulerJobData.main    packages.middleware.pub.server.core.gcApi ended at time: 2026-08-13 18:15:00
2026-08-13 18:15:00,053 INFO c.e.m.t.Tenant [DefaultQuartzScheduler_Worker-2] deb63110-f2d2-3ba9-9321-bd1936d3a762    packages.scheduler.cronJob.services.java.getSchedulerJobData.main    packages.middleware.pub.server.core.gcApi took : 32ms to finish the job.
2026-08-13 18:15:00,053 INFO c.e.m.t.Tenant [DefaultQuartzScheduler_Worker-2] deb63110-f2d2-3ba9-9321-bd1936d3a762    packages.scheduler.cronJob.services.java.getSchedulerJobData.main    packages.middleware.pub.server.core.gcApi: Service execution completed successfully
2026-08-13 18:16:00,005 INFO c.e.m.t.Tenant [DefaultQuartzScheduler_Worker-3] afbb2a06-b6f5-3f0b-a06a-8cb607be6e3a    packages.scheduler.cronJob.services.java.getSchedulerJobData.main    Calling startJob for packages.middleware.pub.server.core.gcApi at time: 2026-08-13T18:16:00.005011100-06:00[America/Edmonton]
2026-08-13 18:16:00,015 INFO c.e.m.s.DataPipeline [DefaultQuartzScheduler_Worker-3] File created successfully: E:\Dev\oss-sl-server\integration\middleware\tenants\default\snapshots\packages.scheduler.cronJob.services.java.getSchedulerJobData.main@0\afbb2a06-b6f5-3f0b-a06a-8cb607be6e3a.snap
2026-08-13 18:16:00,039 INFO c.e.m.t.Tenant [DefaultQuartzScheduler_Worker-3] afbb2a06-b6f5-3f0b-a06a-8cb607be6e3a    packages.scheduler.cronJob.services.java.getSchedulerJobData.main    packages.middleware.pub.server.core.gcApi ended at time: 2026-08-13 18:16:00
2026-08-13 18:16:00,039 INFO c.e.m.t.Tenant [DefaultQuartzScheduler_Worker-3] afbb2a06-b6f5-3f0b-a06a-8cb607be6e3a    packages.scheduler.cronJob.services.java.getSchedulerJobData.main    packages.middleware.pub.server.core.gcApi took : 34ms to finish the job.
2026-08-13 18:16:00,039 INFO c.e.m.t.Tenant [DefaultQuartzScheduler_Worker-3] afbb2a06-b6f5-3f0b-a06a-8cb607be6e3a    packages.scheduler.cronJob.services.java.getSchedulerJobData.main    packages.middleware.pub.server.core.gcApi: Service execution completed successfully
2026-08-13 18:17:00,014 INFO c.e.m.t.Tenant [DefaultQuartzScheduler_Worker-4] 296ee95a-7dcd-3412-9d0d-7baf00544d12    packages.scheduler.cronJob.services.java.getSchedulerJobData.main    Calling startJob for packages.middleware.pub.server.core.gcApi at time: 2026-08-13T18:17:00.010386800-06:00[America/Edmonton]
2026-08-13 18:17:00,016 INFO c.e.m.s.DataPipeline [DefaultQuartzScheduler_Worker-4] File created successfully: E:\Dev\oss-sl-server\integration\middleware\tenants\default\snapshots\packages.scheduler.cronJob.services.java.getSchedulerJobData.main@0\296ee95a-7dcd-3412-9d0d-7baf00544d12.snap
2026-08-13 18:17:00,047 INFO c.e.m.t.Tenant [DefaultQuartzScheduler_Worker-4] 296ee95a-7dcd-3412-9d0d-7baf00544d12    packages.scheduler.cronJob.services.java.getSchedulerJobData.main    packages.middleware.pub.server.core.gcApi ended at time: 2026-08-13 18:17:00
2026-08-13 18:17:00,047 INFO c.e.m.t.Tenant [DefaultQuartzScheduler_Worker-4] 296ee95a-7dcd-3412-9d0d-7baf00544d12    packages.scheduler.cronJob.services.java.getSchedulerJobData.main    packages.middleware.pub.server.core.gcApi took : 37ms to finish the job.
2026-08-13 18:17:00,047 INFO c.e.m.t.Tenant [DefaultQuartzScheduler_Worker-4] 296ee95a-7dcd-3412-9d0d-7baf00544d12    packages.scheduler.cronJob.services.java.getSchedulerJobData.main    packages.middleware.pub.server.core.gcApi: Service execution completed successfully
2026-08-13 18:18:00,010 INFO c.e.m.t.Tenant [DefaultQuartzScheduler_Worker-5] c0b3fef6-6dd4-356d-bf87-919f5c0929c0    packages.scheduler.cronJob.services.java.getSchedulerJobData.main    Calling startJob for packages.middleware.pub.server.core.gcApi at time: 2026-08-13T18:18:00.010859800-06:00[America/Edmonton]
2026-08-13 18:18:00,018 INFO c.e.m.s.DataPipeline [DefaultQuartzScheduler_Worker-5] File created successfully: E:\Dev\oss-sl-server\integration\middleware\tenants\default\snapshots\packages.scheduler.cronJob.services.java.getSchedulerJobData.main@0\c0b3fef6-6dd4-356d-bf87-919f5c0929c0.snap
2026-08-13 18:18:00,044 INFO c.e.m.t.Tenant [DefaultQuartzScheduler_Worker-5] c0b3fef6-6dd4-356d-bf87-919f5c0929c0    packages.scheduler.cronJob.services.java.getSchedulerJobData.main    packages.middleware.pub.server.core.gcApi ended at time: 2026-08-13 18:18:00
2026-08-13 18:18:00,044 INFO c.e.m.t.Tenant [DefaultQuartzScheduler_Worker-5] c0b3fef6-6dd4-356d-bf87-919f5c0929c0    packages.scheduler.cronJob.services.java.getSchedulerJobData.main    packages.middleware.pub.server.core.gcApi took : 34ms to finish the job.
2026-08-13 18:18:00,044 INFO c.e.m.t.Tenant [DefaultQuartzScheduler_Worker-5] c0b3fef6-6dd4-356d-bf87-919f5c0929c0    packages.scheduler.cronJob.services.java.getSchedulerJobData.main    packages.middleware.pub.server.core.gcApi: Service execution completed successfully
2026-08-13 18:19:00,010 INFO c.e.m.t.Tenant [DefaultQuartzScheduler_Worker-6] dc6ede06-930f-3254-8e94-ab1cbefcaa66    packages.scheduler.cronJob.services.java.getSchedulerJobData.main    Calling startJob for packages.middleware.pub.server.core.gcApi at time: 2026-08-13T18:19:00.005639500-06:00[America/Edmonton]
2026-08-13 18:19:00,016 INFO c.e.m.s.DataPipeline [DefaultQuartzScheduler_Worker-6] File created successfully: E:\Dev\oss-sl-server\integration\middleware\tenants\default\snapshots\packages.scheduler.cronJob.services.java.getSchedulerJobData.main@0\dc6ede06-930f-3254-8e94-ab1cbefcaa66.snap
2026-08-13 18:19:00,051 INFO c.e.m.t.Tenant [DefaultQuartzScheduler_Worker-6] dc6ede06-930f-3254-8e94-ab1cbefcaa66    packages.scheduler.cronJob.services.java.getSchedulerJobData.main    packages.middleware.pub.server.core.gcApi ended at time: 2026-08-13 18:19:00
2026-08-13 18:19:00,051 INFO c.e.m.t.Tenant [DefaultQuartzScheduler_Worker-6] dc6ede06-930f-3254-8e94-ab1cbefcaa66    packages.scheduler.cronJob.services.java.getSchedulerJobData.main    packages.middleware.pub.server.core.gcApi took : 34ms to finish the job.
2026-08-13 18:19:00,051 INFO c.e.m.t.Tenant [DefaultQuartzScheduler_Worker-6] dc6ede06-930f-3254-8e94-ab1cbefcaa66    packages.scheduler.cronJob.services.java.getSchedulerJobData.main    packages.middleware.pub.server.core.gcApi: Service execution completed successfully
2026-08-13 18:20:00,005 INFO c.e.m.t.Tenant [DefaultQuartzScheduler_Worker-7] a341ee89-8337-374e-bc8c-d684624f4901    packages.scheduler.cronJob.services.java.getSchedulerJobData.main    Calling startJob for packages.middleware.pub.server.core.gcApi at time: 2026-08-13T18:20:00.003652300-06:00[America/Edmonton]
2026-08-13 18:20:00,011 INFO c.e.m.s.DataPipeline [DefaultQuartzScheduler_Worker-7] File created successfully: E:\Dev\oss-sl-server\integration\middleware\tenants\default\snapshots\packages.scheduler.cronJob.services.java.getSchedulerJobData.main@0\a341ee89-8337-374e-bc8c-d684624f4901.snap
2026-08-13 18:20:00,033 INFO c.e.m.t.Tenant [DefaultQuartzScheduler_Worker-7] a341ee89-8337-374e-bc8c-d684624f4901    packages.scheduler.cronJob.services.java.getSchedulerJobData.main    packages.middleware.pub.server.core.gcApi ended at time: 2026-08-13 18:20:00
2026-08-13 18:20:00,033 INFO c.e.m.t.Tenant [DefaultQuartzScheduler_Worker-7] a341ee89-8337-374e-bc8c-d684624f4901    packages.scheduler.cronJob.services.java.getSchedulerJobData.main    packages.middleware.pub.server.core.gcApi took : 30ms to finish the job.
2026-08-13 18:20:00,033 INFO c.e.m.t.Tenant [DefaultQuartzScheduler_Worker-7] a341ee89-8337-374e-bc8c-d684624f4901    packages.scheduler.cronJob.services.java.getSchedulerJobData.main    packages.middleware.pub.server.core.gcApi: Service execution completed successfully
2026-08-13 18:21:00,003 INFO c.e.m.t.Tenant [DefaultQuartzScheduler_Worker-8] 497b394d-9128-3b42-a4b8-a7539dc6fceb    packages.scheduler.cronJob.services.java.getSchedulerJobData.main    Calling startJob for packages.middleware.pub.server.core.gcApi at time: 2026-08-13T18:21:00.003673300-06:00[America/Edmonton]
2026-08-13 18:21:00,003 INFO c.e.m.s.DataPipeline [DefaultQuartzScheduler_Worker-8] File created successfully: E:\Dev\oss-sl-server\integration\middleware\tenants\default\snapshots\packages.scheduler.cronJob.services.java.getSchedulerJobData.main@0\497b394d-9128-3b42-a4b8-a7539dc6fceb.snap
2026-08-13 18:21:00,040 INFO c.e.m.t.Tenant [DefaultQuartzScheduler_Worker-8] 497b394d-9128-3b42-a4b8-a7539dc6fceb    packages.scheduler.cronJob.services.java.getSchedulerJobData.main    packages.middleware.pub.server.core.gcApi ended at time: 2026-08-13 18:21:00
2026-08-13 18:21:00,040 INFO c.e.m.t.Tenant [DefaultQuartzScheduler_Worker-8] 497b394d-9128-3b42-a4b8-a7539dc6fceb    packages.scheduler.cronJob.services.java.getSchedulerJobData.main    packages.middleware.pub.server.core.gcApi took : 37ms to finish the job.
2026-08-13 18:21:00,040 INFO c.e.m.t.Tenant [DefaultQuartzScheduler_Worker-8] 497b394d-9128-3b42-a4b8-a7539dc6fceb    packages.scheduler.cronJob.services.java.getSchedulerJobData.main    packages.middleware.pub.server.core.gcApi: Service execution completed successfully
2026-08-13 18:22:00,016 INFO c.e.m.t.Tenant [DefaultQuartzScheduler_Worker-9] 8b955cfb-410d-355e-a122-3d8d908358a5    packages.scheduler.cronJob.services.java.getSchedulerJobData.main    Calling startJob for packages.middleware.pub.server.core.gcApi at time: 2026-08-13T18:22:00.013503-06:00[America/Edmonton]
2026-08-13 18:22:00,021 INFO c.e.m.s.DataPipeline [DefaultQuartzScheduler_Worker-9] File created successfully: E:\Dev\oss-sl-server\integration\middleware\tenants\default\snapshots\packages.scheduler.cronJob.services.java.getSchedulerJobData.main@0\8b955cfb-410d-355e-a122-3d8d908358a5.snap
2026-08-13 18:22:00,047 INFO c.e.m.t.Tenant [DefaultQuartzScheduler_Worker-9] 8b955cfb-410d-355e-a122-3d8d908358a5    packages.scheduler.cronJob.services.java.getSchedulerJobData.main    packages.middleware.pub.server.core.gcApi ended at time: 2026-08-13 18:22:00
2026-08-13 18:22:00,047 INFO c.e.m.t.Tenant [DefaultQuartzScheduler_Worker-9] 8b955cfb-410d-355e-a122-3d8d908358a5    packages.scheduler.cronJob.services.java.getSchedulerJobData.main    packages.middleware.pub.server.core.gcApi took : 34ms to finish the job.
2026-08-13 18:22:00,047 INFO c.e.m.t.Tenant [DefaultQuartzScheduler_Worker-9] 8b955cfb-410d-355e-a122-3d8d908358a5    packages.scheduler.cronJob.services.java.getSchedulerJobData.main    packages.middleware.pub.server.core.gcApi: Service execution completed successfully
2026-08-13 18:23:00,008 INFO c.e.m.t.Tenant [DefaultQuartzScheduler_Worker-10] 91be2205-a6ff-30ee-8730-ea3b9e8d0955    packages.scheduler.cronJob.services.java.getSchedulerJobData.main    Calling startJob for packages.middleware.pub.server.core.gcApi at time: 2026-08-13T18:23:00.008668500-06:00[America/Edmonton]
2026-08-13 18:23:00,008 INFO c.e.m.s.DataPipeline [DefaultQuartzScheduler_Worker-10] File created successfully: E:\Dev\oss-sl-server\integration\middleware\tenants\default\snapshots\packages.scheduler.cronJob.services.java.getSchedulerJobData.main@0\91be2205-a6ff-30ee-8730-ea3b9e8d0955.snap
2026-08-13 18:23:00,041 INFO c.e.m.t.Tenant [DefaultQuartzScheduler_Worker-10] 91be2205-a6ff-30ee-8730-ea3b9e8d0955    packages.scheduler.cronJob.services.java.getSchedulerJobData.main    packages.middleware.pub.server.core.gcApi ended at time: 2026-08-13 18:23:00
2026-08-13 18:23:00,041 INFO c.e.m.t.Tenant [DefaultQuartzScheduler_Worker-10] 91be2205-a6ff-30ee-8730-ea3b9e8d0955    packages.scheduler.cronJob.services.java.getSchedulerJobData.main    packages.middleware.pub.server.core.gcApi took : 33ms to finish the job.
2026-08-13 18:23:00,041 INFO c.e.m.t.Tenant [DefaultQuartzScheduler_Worker-10] 91be2205-a6ff-30ee-8730-ea3b9e8d0955    packages.scheduler.cronJob.services.java.getSchedulerJobData.main    packages.middleware.pub.server.core.gcApi: Service execution completed successfully
2026-08-13 18:24:00,013 INFO c.e.m.t.Tenant [DefaultQuartzScheduler_Worker-1] 24ad290d-7796-37f5-a138-c05095fd0d98    packages.scheduler.cronJob.services.java.getSchedulerJobData.main    Calling startJob for packages.middleware.pub.server.core.gcApi at time: 2026-08-13T18:24:00.013800300-06:00[America/Edmonton]
2026-08-13 18:24:00,017 INFO c.e.m.s.DataPipeline [DefaultQuartzScheduler_Worker-1] File created successfully: E:\Dev\oss-sl-server\integration\middleware\tenants\default\snapshots\packages.scheduler.cronJob.services.java.getSchedulerJobData.main@0\24ad290d-7796-37f5-a138-c05095fd0d98.snap
2026-08-13 18:24:00,047 INFO c.e.m.t.Tenant [DefaultQuartzScheduler_Worker-1] 24ad290d-7796-37f5-a138-c05095fd0d98    packages.scheduler.cronJob.services.java.getSchedulerJobData.main    packages.middleware.pub.server.core.gcApi ended at time: 2026-08-13 18:24:00
2026-08-13 18:24:00,047 INFO c.e.m.t.Tenant [DefaultQuartzScheduler_Worker-1] 24ad290d-7796-37f5-a138-c05095fd0d98    packages.scheduler.cronJob.services.java.getSchedulerJobData.main    packages.middleware.pub.server.core.gcApi took : 34ms to finish the job.
2026-08-13 18:24:00,047 INFO c.e.m.t.Tenant [DefaultQuartzScheduler_Worker-1] 24ad290d-7796-37f5-a138-c05095fd0d98    packages.scheduler.cronJob.services.java.getSchedulerJobData.main    packages.middleware.pub.server.core.gcApi: Service execution completed successfully
2026-08-13 18:25:00,002 INFO c.e.m.t.Tenant [DefaultQuartzScheduler_Worker-2] 512a222e-caf6-3b66-983c-ed42524f2a7a    packages.scheduler.cronJob.services.java.getSchedulerJobData.main    Calling startJob for packages.middleware.pub.server.core.gcApi at time: 2026-08-13T18:25:00.002327700-06:00[America/Edmonton]
2026-08-13 18:25:00,006 INFO c.e.m.s.DataPipeline [DefaultQuartzScheduler_Worker-2] File created successfully: E:\Dev\oss-sl-server\integration\middleware\tenants\default\snapshots\packages.scheduler.cronJob.services.java.getSchedulerJobData.main@0\512a222e-caf6-3b66-983c-ed42524f2a7a.snap
2026-08-13 18:25:00,032 INFO c.e.m.t.Tenant [DefaultQuartzScheduler_Worker-2] 512a222e-caf6-3b66-983c-ed42524f2a7a    packages.scheduler.cronJob.services.java.getSchedulerJobData.main    packages.middleware.pub.server.core.gcApi ended at time: 2026-08-13 18:25:00
2026-08-13 18:25:00,032 INFO c.e.m.t.Tenant [DefaultQuartzScheduler_Worker-2] 512a222e-caf6-3b66-983c-ed42524f2a7a    packages.scheduler.cronJob.services.java.getSchedulerJobData.main    packages.middleware.pub.server.core.gcApi took : 30ms to finish the job.
2026-08-13 18:25:00,032 INFO c.e.m.t.Tenant [DefaultQuartzScheduler_Worker-2] 512a222e-caf6-3b66-983c-ed42524f2a7a    packages.scheduler.cronJob.services.java.getSchedulerJobData.main    packages.middleware.pub.server.core.gcApi: Service execution completed successfully
2026-08-13 18:26:00,012 INFO c.e.m.t.Tenant [DefaultQuartzScheduler_Worker-3] 1223c84e-d198-31e6-902d-6ab70aa0e3fe    packages.scheduler.cronJob.services.java.getSchedulerJobData.main    Calling startJob for packages.middleware.pub.server.core.gcApi at time: 2026-08-13T18:26:00.008520300-06:00[America/Edmonton]
2026-08-13 18:26:00,016 INFO c.e.m.s.DataPipeline [DefaultQuartzScheduler_Worker-3] File created successfully: E:\Dev\oss-sl-server\integration\middleware\tenants\default\snapshots\packages.scheduler.cronJob.services.java.getSchedulerJobData.main@0\1223c84e-d198-31e6-902d-6ab70aa0e3fe.snap
2026-08-13 18:26:00,043 INFO c.e.m.t.Tenant [DefaultQuartzScheduler_Worker-3] 1223c84e-d198-31e6-902d-6ab70aa0e3fe    packages.scheduler.cronJob.services.java.getSchedulerJobData.main    packages.middleware.pub.server.core.gcApi ended at time: 2026-08-13 18:26:00
2026-08-13 18:26:00,043 INFO c.e.m.t.Tenant [DefaultQuartzScheduler_Worker-3] 1223c84e-d198-31e6-902d-6ab70aa0e3fe    packages.scheduler.cronJob.services.java.getSchedulerJobData.main    packages.middleware.pub.server.core.gcApi took : 35ms to finish the job.
2026-08-13 18:26:00,043 INFO c.e.m.t.Tenant [DefaultQuartzScheduler_Worker-3] 1223c84e-d198-31e6-902d-6ab70aa0e3fe    packages.scheduler.cronJob.services.java.getSchedulerJobData.main    packages.middleware.pub.server.core.gcApi: Service execution completed successfully
2026-08-13 18:27:00,012 INFO c.e.m.t.Tenant [DefaultQuartzScheduler_Worker-4] 906bb866-9c7a-3da1-ae66-15111485b018    packages.scheduler.cronJob.services.java.getSchedulerJobData.main    Calling startJob for packages.middleware.pub.server.core.gcApi at time: 2026-08-13T18:27:00.012493400-06:00[America/Edmonton]
2026-08-13 18:27:00,012 INFO c.e.m.s.DataPipeline [DefaultQuartzScheduler_Worker-4] File created successfully: E:\Dev\oss-sl-server\integration\middleware\tenants\default\snapshots\packages.scheduler.cronJob.services.java.getSchedulerJobData.main@0\906bb866-9c7a-3da1-ae66-15111485b018.snap
2026-08-13 18:27:00,051 INFO c.e.m.t.Tenant [DefaultQuartzScheduler_Worker-4] 906bb866-9c7a-3da1-ae66-15111485b018    packages.scheduler.cronJob.services.java.getSchedulerJobData.main    packages.middleware.pub.server.core.gcApi ended at time: 2026-08-13 18:27:00
2026-08-13 18:27:00,051 INFO c.e.m.t.Tenant [DefaultQuartzScheduler_Worker-4] 906bb866-9c7a-3da1-ae66-15111485b018    packages.scheduler.cronJob.services.java.getSchedulerJobData.main    packages.middleware.pub.server.core.gcApi took : 32ms to finish the job.
2026-08-13 18:27:00,051 INFO c.e.m.t.Tenant [DefaultQuartzScheduler_Worker-4] 906bb866-9c7a-3da1-ae66-15111485b018    packages.scheduler.cronJob.services.java.getSchedulerJobData.main    packages.middleware.pub.server.core.gcApi: Service execution completed successfully
2026-08-13 18:28:00,008 INFO c.e.m.t.Tenant [DefaultQuartzScheduler_Worker-5] 9cfd2e4f-e70f-32bc-bd50-dab7c1430a75    packages.scheduler.cronJob.services.java.getSchedulerJobData.main    Calling startJob for packages.middleware.pub.server.core.gcApi at time: 2026-08-13T18:28:00.008936100-06:00[America/Edmonton]
2026-08-13 18:28:00,008 INFO c.e.m.s.DataPipeline [DefaultQuartzScheduler_Worker-5] File created successfully: E:\Dev\oss-sl-server\integration\middleware\tenants\default\snapshots\packages.scheduler.cronJob.services.java.getSchedulerJobData.main@0\9cfd2e4f-e70f-32bc-bd50-dab7c1430a75.snap
2026-08-13 18:28:00,040 INFO c.e.m.t.Tenant [DefaultQuartzScheduler_Worker-5] 9cfd2e4f-e70f-32bc-bd50-dab7c1430a75    packages.scheduler.cronJob.services.java.getSchedulerJobData.main    packages.middleware.pub.server.core.gcApi ended at time: 2026-08-13 18:28:00
2026-08-13 18:28:00,040 INFO c.e.m.t.Tenant [DefaultQuartzScheduler_Worker-5] 9cfd2e4f-e70f-32bc-bd50-dab7c1430a75    packages.scheduler.cronJob.services.java.getSchedulerJobData.main    packages.middleware.pub.server.core.gcApi took : 32ms to finish the job.
2026-08-13 18:28:00,040 INFO c.e.m.t.Tenant [DefaultQuartzScheduler_Worker-5] 9cfd2e4f-e70f-32bc-bd50-dab7c1430a75    packages.scheduler.cronJob.services.java.getSchedulerJobData.main    packages.middleware.pub.server.core.gcApi: Service execution completed successfully
2026-08-13 18:29:00,005 INFO c.e.m.t.Tenant [DefaultQuartzScheduler_Worker-6] 405e427e-6728-3520-a03d-b652cd4eeaaa    packages.scheduler.cronJob.services.java.getSchedulerJobData.main    Calling startJob for packages.middleware.pub.server.core.gcApi at time: 2026-08-13T18:29:00.001942600-06:00[America/Edmonton]
2026-08-13 18:29:00,010 INFO c.e.m.s.DataPipeline [DefaultQuartzScheduler_Worker-6] File created successfully: E:\Dev\oss-sl-server\integration\middleware\tenants\default\snapshots\packages.scheduler.cronJob.services.java.getSchedulerJobData.main@0\405e427e-6728-3520-a03d-b652cd4eeaaa.snap
2026-08-13 18:29:00,033 INFO c.e.m.t.Tenant [DefaultQuartzScheduler_Worker-6] 405e427e-6728-3520-a03d-b652cd4eeaaa    packages.scheduler.cronJob.services.java.getSchedulerJobData.main    packages.middleware.pub.server.core.gcApi ended at time: 2026-08-13 18:29:00
2026-08-13 18:29:00,033 INFO c.e.m.t.Tenant [DefaultQuartzScheduler_Worker-6] 405e427e-6728-3520-a03d-b652cd4eeaaa    packages.scheduler.cronJob.services.java.getSchedulerJobData.main    packages.middleware.pub.server.core.gcApi took : 32ms to finish the job.
2026-08-13 18:29:00,033 INFO c.e.m.t.Tenant [DefaultQuartzScheduler_Worker-6] 405e427e-6728-3520-a03d-b652cd4eeaaa    packages.scheduler.cronJob.services.java.getSchedulerJobData.main    packages.middleware.pub.server.core.gcApi: Service execution completed successfully
2026-08-13 18:30:00,012 INFO c.e.m.t.Tenant [DefaultQuartzScheduler_Worker-7] 534820cc-0c11-3bd3-a828-ceea8b2b7e86    packages.scheduler.cronJob.services.java.getSchedulerJobData.main    Calling startJob for packages.middleware.pub.server.core.gcApi at time: 2026-08-13T18:30:00.012675300-06:00[America/Edmonton]
2026-08-13 18:30:00,018 INFO c.e.m.s.DataPipeline [DefaultQuartzScheduler_Worker-7] File created successfully: E:\Dev\oss-sl-server\integration\middleware\tenants\default\snapshots\packages.scheduler.cronJob.services.java.getSchedulerJobData.main@0\534820cc-0c11-3bd3-a828-ceea8b2b7e86.snap
2026-08-13 18:30:00,028 INFO c.e.m.t.Tenant [DefaultQuartzScheduler_Worker-7] 534820cc-0c11-3bd3-a828-ceea8b2b7e86    packages.scheduler.cronJob.services.java.getSchedulerJobData.main    packages.middleware.pub.server.core.gcApi ended at time: 2026-08-13 18:30:00
2026-08-13 18:30:00,028 INFO c.e.m.t.Tenant [DefaultQuartzScheduler_Worker-7] 534820cc-0c11-3bd3-a828-ceea8b2b7e86    packages.scheduler.cronJob.services.java.getSchedulerJobData.main    packages.middleware.pub.server.core.gcApi took : 16ms to finish the job.
2026-08-13 18:30:00,028 INFO c.e.m.t.Tenant [DefaultQuartzScheduler_Worker-7] 534820cc-0c11-3bd3-a828-ceea8b2b7e86    packages.scheduler.cronJob.services.java.getSchedulerJobData.main    packages.middleware.pub.server.core.gcApi: Service execution completed successfully
2026-08-13 18:31:00,006 INFO c.e.m.t.Tenant [DefaultQuartzScheduler_Worker-8] e4fb0206-0509-323c-ac87-806473602cd4    packages.scheduler.cronJob.services.java.getSchedulerJobData.main    Calling startJob for packages.middleware.pub.server.core.gcApi at time: 2026-08-13T18:31:00.006889700-06:00[America/Edmonton]
2026-08-13 18:31:00,006 INFO c.e.m.s.DataPipeline [DefaultQuartzScheduler_Worker-8] File created successfully: E:\Dev\oss-sl-server\integration\middleware\tenants\default\snapshots\packages.scheduler.cronJob.services.java.getSchedulerJobData.main@0\e4fb0206-0509-323c-ac87-806473602cd4.snap
2026-08-13 18:31:00,044 INFO c.e.m.t.Tenant [DefaultQuartzScheduler_Worker-8] e4fb0206-0509-323c-ac87-806473602cd4    packages.scheduler.cronJob.services.java.getSchedulerJobData.main    packages.middleware.pub.server.core.gcApi ended at time: 2026-08-13 18:31:00
2026-08-13 18:31:00,044 INFO c.e.m.t.Tenant [DefaultQuartzScheduler_Worker-8] e4fb0206-0509-323c-ac87-806473602cd4    packages.scheduler.cronJob.services.java.getSchedulerJobData.main    packages.middleware.pub.server.core.gcApi took : 38ms to finish the job.
2026-08-13 18:31:00,044 INFO c.e.m.t.Tenant [DefaultQuartzScheduler_Worker-8] e4fb0206-0509-323c-ac87-806473602cd4    packages.scheduler.cronJob.services.java.getSchedulerJobData.main    packages.middleware.pub.server.core.gcApi: Service execution completed successfully
2026-08-13 18:32:00,012 INFO c.e.m.t.Tenant [DefaultQuartzScheduler_Worker-9] b80f5bcc-1d07-3c8b-a250-3991fe378035    packages.scheduler.cronJob.services.java.getSchedulerJobData.main    Calling startJob for packages.middleware.pub.server.core.gcApi at time: 2026-08-13T18:32:00.012299300-06:00[America/Edmonton]
2026-08-13 18:32:00,012 INFO c.e.m.s.DataPipeline [DefaultQuartzScheduler_Worker-9] File created successfully: E:\Dev\oss-sl-server\integration\middleware\tenants\default\snapshots\packages.scheduler.cronJob.services.java.getSchedulerJobData.main@0\b80f5bcc-1d07-3c8b-a250-3991fe378035.snap
2026-08-13 18:32:00,044 INFO c.e.m.t.Tenant [DefaultQuartzScheduler_Worker-9] b80f5bcc-1d07-3c8b-a250-3991fe378035    packages.scheduler.cronJob.services.java.getSchedulerJobData.main    packages.middleware.pub.server.core.gcApi ended at time: 2026-08-13 18:32:00
2026-08-13 18:32:00,044 INFO c.e.m.t.Tenant [DefaultQuartzScheduler_Worker-9] b80f5bcc-1d07-3c8b-a250-3991fe378035    packages.scheduler.cronJob.services.java.getSchedulerJobData.main    packages.middleware.pub.server.core.gcApi took : 32ms to finish the job.
2026-08-13 18:32:00,044 INFO c.e.m.t.Tenant [DefaultQuartzScheduler_Worker-9] b80f5bcc-1d07-3c8b-a250-3991fe378035    packages.scheduler.cronJob.services.java.getSchedulerJobData.main    packages.middleware.pub.server.core.gcApi: Service execution completed successfully
2026-08-13 18:33:00,003 INFO c.e.m.t.Tenant [DefaultQuartzScheduler_Worker-10] 68ebb37e-9f09-34d5-b991-eecc39c1fb65    packages.scheduler.cronJob.services.java.getSchedulerJobData.main    Calling startJob for packages.middleware.pub.server.core.gcApi at time: 2026-08-13T18:33:00.003365900-06:00[America/Edmonton]
2026-08-13 18:33:00,013 INFO c.e.m.s.DataPipeline [DefaultQuartzScheduler_Worker-10] File created successfully: E:\Dev\oss-sl-server\integration\middleware\tenants\default\snapshots\packages.scheduler.cronJob.services.java.getSchedulerJobData.main@0\68ebb37e-9f09-34d5-b991-eecc39c1fb65.snap
2026-08-13 18:33:00,033 INFO c.e.m.t.Tenant [DefaultQuartzScheduler_Worker-10] 68ebb37e-9f09-34d5-b991-eecc39c1fb65    packages.scheduler.cronJob.services.java.getSchedulerJobData.main    packages.middleware.pub.server.core.gcApi ended at time: 2026-08-13 18:33:00
2026-08-13 18:33:00,033 INFO c.e.m.t.Tenant [DefaultQuartzScheduler_Worker-10] 68ebb37e-9f09-34d5-b991-eecc39c1fb65    packages.scheduler.cronJob.services.java.getSchedulerJobData.main    packages.middleware.pub.server.core.gcApi took : 30ms to finish the job.
2026-08-13 18:33:00,033 INFO c.e.m.t.Tenant [DefaultQuartzScheduler_Worker-10] 68ebb37e-9f09-34d5-b991-eecc39c1fb65    packages.scheduler.cronJob.services.java.getSchedulerJobData.main    packages.middleware.pub.server.core.gcApi: Service execution completed successfully
2026-08-13 18:34:00,003 INFO c.e.m.t.Tenant [DefaultQuartzScheduler_Worker-1] 820500a9-e272-3b59-85a0-76cedc9f3acd    packages.scheduler.cronJob.services.java.getSchedulerJobData.main    Calling startJob for packages.middleware.pub.server.core.gcApi at time: 2026-08-13T18:34:00.001692700-06:00[America/Edmonton]
2026-08-13 18:34:00,009 INFO c.e.m.s.DataPipeline [DefaultQuartzScheduler_Worker-1] File created successfully: E:\Dev\oss-sl-server\integration\middleware\tenants\default\snapshots\packages.scheduler.cronJob.services.java.getSchedulerJobData.main@0\820500a9-e272-3b59-85a0-76cedc9f3acd.snap
2026-08-13 18:34:00,035 INFO c.e.m.t.Tenant [DefaultQuartzScheduler_Worker-1] 820500a9-e272-3b59-85a0-76cedc9f3acd    packages.scheduler.cronJob.services.java.getSchedulerJobData.main    packages.middleware.pub.server.core.gcApi ended at time: 2026-08-13 18:34:00
2026-08-13 18:34:00,035 INFO c.e.m.t.Tenant [DefaultQuartzScheduler_Worker-1] 820500a9-e272-3b59-85a0-76cedc9f3acd    packages.scheduler.cronJob.services.java.getSchedulerJobData.main    packages.middleware.pub.server.core.gcApi took : 34ms to finish the job.
2026-08-13 18:34:00,035 INFO c.e.m.t.Tenant [DefaultQuartzScheduler_Worker-1] 820500a9-e272-3b59-85a0-76cedc9f3acd    packages.scheduler.cronJob.services.java.getSchedulerJobData.main    packages.middleware.pub.server.core.gcApi: Service execution completed successfully
2026-08-13 18:35:00,007 INFO c.e.m.t.Tenant [DefaultQuartzScheduler_Worker-2] e890e8f2-d0e0-3c1e-87b3-0529bec24fc1    packages.scheduler.cronJob.services.java.getSchedulerJobData.main    Calling startJob for packages.middleware.pub.server.core.gcApi at time: 2026-08-13T18:35:00.005879400-06:00[America/Edmonton]
2026-08-13 18:35:00,013 INFO c.e.m.s.DataPipeline [DefaultQuartzScheduler_Worker-2] File created successfully: E:\Dev\oss-sl-server\integration\middleware\tenants\default\snapshots\packages.scheduler.cronJob.services.java.getSchedulerJobData.main@0\e890e8f2-d0e0-3c1e-87b3-0529bec24fc1.snap
2026-08-13 18:35:00,037 INFO c.e.m.t.Tenant [DefaultQuartzScheduler_Worker-2] e890e8f2-d0e0-3c1e-87b3-0529bec24fc1    packages.scheduler.cronJob.services.java.getSchedulerJobData.main    packages.middleware.pub.server.core.gcApi ended at time: 2026-08-13 18:35:00
2026-08-13 18:35:00,037 INFO c.e.m.t.Tenant [DefaultQuartzScheduler_Worker-2] e890e8f2-d0e0-3c1e-87b3-0529bec24fc1    packages.scheduler.cronJob.services.java.getSchedulerJobData.main    packages.middleware.pub.server.core.gcApi took : 32ms to finish the job.
2026-08-13 18:35:00,037 INFO c.e.m.t.Tenant [DefaultQuartzScheduler_Worker-2] e890e8f2-d0e0-3c1e-87b3-0529bec24fc1    packages.scheduler.cronJob.services.java.getSchedulerJobData.main    packages.middleware.pub.server.core.gcApi: Service execution completed successfully
2026-08-13 18:36:00,016 INFO c.e.m.t.Tenant [DefaultQuartzScheduler_Worker-3] 6616b11f-0483-3d70-b2c1-2fde7cfcb477    packages.scheduler.cronJob.services.java.getSchedulerJobData.main    Calling startJob for packages.middleware.pub.server.core.gcApi at time: 2026-08-13T18:36:00.016435800-06:00[America/Edmonton]
2026-08-13 18:36:00,016 INFO c.e.m.s.DataPipeline [DefaultQuartzScheduler_Worker-3] File created successfully: E:\Dev\oss-sl-server\integration\middleware\tenants\default\snapshots\packages.scheduler.cronJob.services.java.getSchedulerJobData.main@0\6616b11f-0483-3d70-b2c1-2fde7cfcb477.snap
2026-08-13 18:36:00,049 INFO c.e.m.t.Tenant [DefaultQuartzScheduler_Worker-3] 6616b11f-0483-3d70-b2c1-2fde7cfcb477    packages.scheduler.cronJob.services.java.getSchedulerJobData.main    packages.middleware.pub.server.core.gcApi ended at time: 2026-08-13 18:36:00
2026-08-13 18:36:00,049 INFO c.e.m.t.Tenant [DefaultQuartzScheduler_Worker-3] 6616b11f-0483-3d70-b2c1-2fde7cfcb477    packages.scheduler.cronJob.services.java.getSchedulerJobData.main    packages.middleware.pub.server.core.gcApi took : 33ms to finish the job.
2026-08-13 18:36:00,049 INFO c.e.m.t.Tenant [DefaultQuartzScheduler_Worker-3] 6616b11f-0483-3d70-b2c1-2fde7cfcb477    packages.scheduler.cronJob.services.java.getSchedulerJobData.main    packages.middleware.pub.server.core.gcApi: Service execution completed successfully
2026-08-13 18:37:00,014 INFO c.e.m.t.Tenant [DefaultQuartzScheduler_Worker-4] 3796c050-adfb-3f66-af9b-263a0bda2603    packages.scheduler.cronJob.services.java.getSchedulerJobData.main    Calling startJob for packages.middleware.pub.server.core.gcApi at time: 2026-08-13T18:37:00.014291-06:00[America/Edmonton]
2026-08-13 18:37:00,014 INFO c.e.m.s.DataPipeline [DefaultQuartzScheduler_Worker-4] File created successfully: E:\Dev\oss-sl-server\integration\middleware\tenants\default\snapshots\packages.scheduler.cronJob.services.java.getSchedulerJobData.main@0\3796c050-adfb-3f66-af9b-263a0bda2603.snap
2026-08-13 18:37:00,046 INFO c.e.m.t.Tenant [DefaultQuartzScheduler_Worker-4] 3796c050-adfb-3f66-af9b-263a0bda2603    packages.scheduler.cronJob.services.java.getSchedulerJobData.main    packages.middleware.pub.server.core.gcApi ended at time: 2026-08-13 18:37:00
2026-08-13 18:37:00,046 INFO c.e.m.t.Tenant [DefaultQuartzScheduler_Worker-4] 3796c050-adfb-3f66-af9b-263a0bda2603    packages.scheduler.cronJob.services.java.getSchedulerJobData.main    packages.middleware.pub.server.core.gcApi took : 32ms to finish the job.
2026-08-13 18:37:00,046 INFO c.e.m.t.Tenant [DefaultQuartzScheduler_Worker-4] 3796c050-adfb-3f66-af9b-263a0bda2603    packages.scheduler.cronJob.services.java.getSchedulerJobData.main    packages.middleware.pub.server.core.gcApi: Service execution completed successfully
2026-08-13 18:38:00,009 INFO c.e.m.t.Tenant [DefaultQuartzScheduler_Worker-5] a8862e68-bd21-39e7-a6a4-a2e6ca231ee8    packages.scheduler.cronJob.services.java.getSchedulerJobData.main    Calling startJob for packages.middleware.pub.server.core.gcApi at time: 2026-08-13T18:38:00.009735-06:00[America/Edmonton]
2026-08-13 18:38:00,013 INFO c.e.m.s.DataPipeline [DefaultQuartzScheduler_Worker-5] File created successfully: E:\Dev\oss-sl-server\integration\middleware\tenants\default\snapshots\packages.scheduler.cronJob.services.java.getSchedulerJobData.main@0\a8862e68-bd21-39e7-a6a4-a2e6ca231ee8.snap
2026-08-13 18:38:00,043 INFO c.e.m.t.Tenant [DefaultQuartzScheduler_Worker-5] a8862e68-bd21-39e7-a6a4-a2e6ca231ee8    packages.scheduler.cronJob.services.java.getSchedulerJobData.main    packages.middleware.pub.server.core.gcApi ended at time: 2026-08-13 18:38:00
2026-08-13 18:38:00,043 INFO c.e.m.t.Tenant [DefaultQuartzScheduler_Worker-5] a8862e68-bd21-39e7-a6a4-a2e6ca231ee8    packages.scheduler.cronJob.services.java.getSchedulerJobData.main    packages.middleware.pub.server.core.gcApi took : 34ms to finish the job.
2026-08-13 18:38:00,043 INFO c.e.m.t.Tenant [DefaultQuartzScheduler_Worker-5] a8862e68-bd21-39e7-a6a4-a2e6ca231ee8    packages.scheduler.cronJob.services.java.getSchedulerJobData.main    packages.middleware.pub.server.core.gcApi: Service execution completed successfully
2026-08-13 18:39:00,010 INFO c.e.m.t.Tenant [DefaultQuartzScheduler_Worker-6] 86933c1d-ceb0-3f04-b6bc-4860c290cd7a    packages.scheduler.cronJob.services.java.getSchedulerJobData.main    Calling startJob for packages.middleware.pub.server.core.gcApi at time: 2026-08-13T18:39:00.010153300-06:00[America/Edmonton]
2026-08-13 18:39:00,010 INFO c.e.m.s.DataPipeline [DefaultQuartzScheduler_Worker-6] File created successfully: E:\Dev\oss-sl-server\integration\middleware\tenants\default\snapshots\packages.scheduler.cronJob.services.java.getSchedulerJobData.main@0\86933c1d-ceb0-3f04-b6bc-4860c290cd7a.snap
2026-08-13 18:39:00,044 INFO c.e.m.t.Tenant [DefaultQuartzScheduler_Worker-6] 86933c1d-ceb0-3f04-b6bc-4860c290cd7a    packages.scheduler.cronJob.services.java.getSchedulerJobData.main    packages.middleware.pub.server.core.gcApi ended at time: 2026-08-13 18:39:00
2026-08-13 18:39:00,044 INFO c.e.m.t.Tenant [DefaultQuartzScheduler_Worker-6] 86933c1d-ceb0-3f04-b6bc-4860c290cd7a    packages.scheduler.cronJob.services.java.getSchedulerJobData.main    packages.middleware.pub.server.core.gcApi took : 34ms to finish the job.
2026-08-13 18:39:00,044 INFO c.e.m.t.Tenant [DefaultQuartzScheduler_Worker-6] 86933c1d-ceb0-3f04-b6bc-4860c290cd7a    packages.scheduler.cronJob.services.java.getSchedulerJobData.main    packages.middleware.pub.server.core.gcApi: Service execution completed successfully
2026-08-13 18:40:00,009 INFO c.e.m.t.Tenant [DefaultQuartzScheduler_Worker-7] 2158772b-0e37-38ef-bf12-b5ad715974cc    packages.scheduler.cronJob.services.java.getSchedulerJobData.main    Calling startJob for packages.middleware.pub.server.core.gcApi at time: 2026-08-13T18:40:00.006930200-06:00[America/Edmonton]
2026-08-13 18:40:00,015 INFO c.e.m.s.DataPipeline [DefaultQuartzScheduler_Worker-7] File created successfully: E:\Dev\oss-sl-server\integration\middleware\tenants\default\snapshots\packages.scheduler.cronJob.services.java.getSchedulerJobData.main@0\2158772b-0e37-38ef-bf12-b5ad715974cc.snap
2026-08-13 18:40:00,030 INFO c.e.m.t.Tenant [DefaultQuartzScheduler_Worker-7] 2158772b-0e37-38ef-bf12-b5ad715974cc    packages.scheduler.cronJob.services.java.getSchedulerJobData.main    packages.middleware.pub.server.core.gcApi ended at time: 2026-08-13 18:40:00
2026-08-13 18:40:00,030 INFO c.e.m.t.Tenant [DefaultQuartzScheduler_Worker-7] 2158772b-0e37-38ef-bf12-b5ad715974cc    packages.scheduler.cronJob.services.java.getSchedulerJobData.main    packages.middleware.pub.server.core.gcApi took : 24ms to finish the job.
2026-08-13 18:40:00,030 INFO c.e.m.t.Tenant [DefaultQuartzScheduler_Worker-7] 2158772b-0e37-38ef-bf12-b5ad715974cc    packages.scheduler.cronJob.services.java.getSchedulerJobData.main    packages.middleware.pub.server.core.gcApi: Service execution completed successfully
2026-08-13 18:41:00,004 INFO c.e.m.t.Tenant [DefaultQuartzScheduler_Worker-8] 915b92c6-b1a3-3463-a166-4db9a4d99775    packages.scheduler.cronJob.services.java.getSchedulerJobData.main    Calling startJob for packages.middleware.pub.server.core.gcApi at time: 2026-08-13T18:41:00.002465300-06:00[America/Edmonton]
2026-08-13 18:41:00,010 INFO c.e.m.s.DataPipeline [DefaultQuartzScheduler_Worker-8] File created successfully: E:\Dev\oss-sl-server\integration\middleware\tenants\default\snapshots\packages.scheduler.cronJob.services.java.getSchedulerJobData.main@0\915b92c6-b1a3-3463-a166-4db9a4d99775.snap
2026-08-13 18:41:00,043 INFO c.e.m.t.Tenant [DefaultQuartzScheduler_Worker-8] 915b92c6-b1a3-3463-a166-4db9a4d99775    packages.scheduler.cronJob.services.java.getSchedulerJobData.main    packages.middleware.pub.server.core.gcApi ended at time: 2026-08-13 18:41:00
2026-08-13 18:41:00,043 INFO c.e.m.t.Tenant [DefaultQuartzScheduler_Worker-8] 915b92c6-b1a3-3463-a166-4db9a4d99775    packages.scheduler.cronJob.services.java.getSchedulerJobData.main    packages.middleware.pub.server.core.gcApi took : 41ms to finish the job.
2026-08-13 18:41:00,043 INFO c.e.m.t.Tenant [DefaultQuartzScheduler_Worker-8] 915b92c6-b1a3-3463-a166-4db9a4d99775    packages.scheduler.cronJob.services.java.getSchedulerJobData.main    packages.middleware.pub.server.core.gcApi: Service execution completed successfully
2026-08-13 18:42:00,007 INFO c.e.m.t.Tenant [DefaultQuartzScheduler_Worker-9] 0bb141f7-aa00-3fc0-bdbb-af20e2f257f4    packages.scheduler.cronJob.services.java.getSchedulerJobData.main    Calling startJob for packages.middleware.pub.server.core.gcApi at time: 2026-08-13T18:42:00.005526600-06:00[America/Edmonton]
2026-08-13 18:42:00,013 INFO c.e.m.s.DataPipeline [DefaultQuartzScheduler_Worker-9] File created successfully: E:\Dev\oss-sl-server\integration\middleware\tenants\default\snapshots\packages.scheduler.cronJob.services.java.getSchedulerJobData.main@0\0bb141f7-aa00-3fc0-bdbb-af20e2f257f4.snap
2026-08-13 18:42:00,038 INFO c.e.m.t.Tenant [DefaultQuartzScheduler_Worker-9] 0bb141f7-aa00-3fc0-bdbb-af20e2f257f4    packages.scheduler.cronJob.services.java.getSchedulerJobData.main    packages.middleware.pub.server.core.gcApi ended at time: 2026-08-13 18:42:00
2026-08-13 18:42:00,038 INFO c.e.m.t.Tenant [DefaultQuartzScheduler_Worker-9] 0bb141f7-aa00-3fc0-bdbb-af20e2f257f4    packages.scheduler.cronJob.services.java.getSchedulerJobData.main    packages.middleware.pub.server.core.gcApi took : 33ms to finish the job.
2026-08-13 18:42:00,038 INFO c.e.m.t.Tenant [DefaultQuartzScheduler_Worker-9] 0bb141f7-aa00-3fc0-bdbb-af20e2f257f4    packages.scheduler.cronJob.services.java.getSchedulerJobData.main    packages.middleware.pub.server.core.gcApi: Service execution completed successfully
2026-08-13 18:43:00,016 INFO c.e.m.t.Tenant [DefaultQuartzScheduler_Worker-10] 743cdb25-7a47-39cf-9f47-a42fd77ed1d5    packages.scheduler.cronJob.services.java.getSchedulerJobData.main    Calling startJob for packages.middleware.pub.server.core.gcApi at time: 2026-08-13T18:43:00.016114400-06:00[America/Edmonton]
2026-08-13 18:43:00,016 INFO c.e.m.s.DataPipeline [DefaultQuartzScheduler_Worker-10] File created successfully: E:\Dev\oss-sl-server\integration\middleware\tenants\default\snapshots\packages.scheduler.cronJob.services.java.getSchedulerJobData.main@0\743cdb25-7a47-39cf-9f47-a42fd77ed1d5.snap
2026-08-13 18:43:00,034 INFO c.e.m.t.Tenant [DefaultQuartzScheduler_Worker-10] 743cdb25-7a47-39cf-9f47-a42fd77ed1d5    packages.scheduler.cronJob.services.java.getSchedulerJobData.main    packages.middleware.pub.server.core.gcApi ended at time: 2026-08-13 18:43:00
2026-08-13 18:43:00,034 INFO c.e.m.t.Tenant [DefaultQuartzScheduler_Worker-10] 743cdb25-7a47-39cf-9f47-a42fd77ed1d5    packages.scheduler.cronJob.services.java.getSchedulerJobData.main    packages.middleware.pub.server.core.gcApi took : 18ms to finish the job.
2026-08-13 18:43:00,034 INFO c.e.m.t.Tenant [DefaultQuartzScheduler_Worker-10] 743cdb25-7a47-39cf-9f47-a42fd77ed1d5    packages.scheduler.cronJob.services.java.getSchedulerJobData.main    packages.middleware.pub.server.core.gcApi: Service execution completed successfully
2026-08-13 18:44:00,013 INFO c.e.m.t.Tenant [DefaultQuartzScheduler_Worker-1] c9cb3fad-3e9f-3082-8c49-56c3c573b7da    packages.scheduler.cronJob.services.java.getSchedulerJobData.main    Calling startJob for packages.middleware.pub.server.core.gcApi at time: 2026-08-13T18:44:00.010273300-06:00[America/Edmonton]
2026-08-13 18:44:00,016 INFO c.e.m.s.DataPipeline [DefaultQuartzScheduler_Worker-1] File created successfully: E:\Dev\oss-sl-server\integration\middleware\tenants\default\snapshots\packages.scheduler.cronJob.services.java.getSchedulerJobData.main@0\c9cb3fad-3e9f-3082-8c49-56c3c573b7da.snap
2026-08-13 18:44:00,042 INFO c.e.m.t.Tenant [DefaultQuartzScheduler_Worker-1] c9cb3fad-3e9f-3082-8c49-56c3c573b7da    packages.scheduler.cronJob.services.java.getSchedulerJobData.main    packages.middleware.pub.server.core.gcApi ended at time: 2026-08-13 18:44:00
2026-08-13 18:44:00,042 INFO c.e.m.t.Tenant [DefaultQuartzScheduler_Worker-1] c9cb3fad-3e9f-3082-8c49-56c3c573b7da    packages.scheduler.cronJob.services.java.getSchedulerJobData.main    packages.middleware.pub.server.core.gcApi took : 32ms to finish the job.
2026-08-13 18:44:00,042 INFO c.e.m.t.Tenant [DefaultQuartzScheduler_Worker-1] c9cb3fad-3e9f-3082-8c49-56c3c573b7da    packages.scheduler.cronJob.services.java.getSchedulerJobData.main    packages.middleware.pub.server.core.gcApi: Service execution completed successfully
2026-08-13 18:45:00,011 INFO c.e.m.t.Tenant [DefaultQuartzScheduler_Worker-2] 8071ef32-bbb0-30ce-b0a7-bdbe465d6cd0    packages.scheduler.cronJob.services.java.getSchedulerJobData.main    Calling startJob for packages.middleware.pub.server.core.gcApi at time: 2026-08-13T18:45:00.011812100-06:00[America/Edmonton]
2026-08-13 18:45:00,011 INFO c.e.m.s.DataPipeline [DefaultQuartzScheduler_Worker-2] File created successfully: E:\Dev\oss-sl-server\integration\middleware\tenants\default\snapshots\packages.scheduler.cronJob.services.java.getSchedulerJobData.main@0\8071ef32-bbb0-30ce-b0a7-bdbe465d6cd0.snap
2026-08-13 18:45:00,044 INFO c.e.m.t.Tenant [DefaultQuartzScheduler_Worker-2] 8071ef32-bbb0-30ce-b0a7-bdbe465d6cd0    packages.scheduler.cronJob.services.java.getSchedulerJobData.main    packages.middleware.pub.server.core.gcApi ended at time: 2026-08-13 18:45:00
2026-08-13 18:45:00,044 INFO c.e.m.t.Tenant [DefaultQuartzScheduler_Worker-2] 8071ef32-bbb0-30ce-b0a7-bdbe465d6cd0    packages.scheduler.cronJob.services.java.getSchedulerJobData.main    packages.middleware.pub.server.core.gcApi took : 33ms to finish the job.
2026-08-13 18:45:00,044 INFO c.e.m.t.Tenant [DefaultQuartzScheduler_Worker-2] 8071ef32-bbb0-30ce-b0a7-bdbe465d6cd0    packages.scheduler.cronJob.services.java.getSchedulerJobData.main    packages.middleware.pub.server.core.gcApi: Service execution completed successfully
2026-08-13 18:46:00,002 INFO c.e.m.t.Tenant [DefaultQuartzScheduler_Worker-3] d4c49aaf-5116-376b-a12a-7dd2b96e496e    packages.scheduler.cronJob.services.java.getSchedulerJobData.main    Calling startJob for packages.middleware.pub.server.core.gcApi at time: 2026-08-13T18:46:00.001731200-06:00[America/Edmonton]
2026-08-13 18:46:00,009 INFO c.e.m.s.DataPipeline [DefaultQuartzScheduler_Worker-3] File created successfully: E:\Dev\oss-sl-server\integration\middleware\tenants\default\snapshots\packages.scheduler.cronJob.services.java.getSchedulerJobData.main@0\d4c49aaf-5116-376b-a12a-7dd2b96e496e.snap
2026-08-13 18:46:00,034 INFO c.e.m.t.Tenant [DefaultQuartzScheduler_Worker-3] d4c49aaf-5116-376b-a12a-7dd2b96e496e    packages.scheduler.cronJob.services.java.getSchedulerJobData.main    packages.middleware.pub.server.core.gcApi ended at time: 2026-08-13 18:46:00
2026-08-13 18:46:00,034 INFO c.e.m.t.Tenant [DefaultQuartzScheduler_Worker-3] d4c49aaf-5116-376b-a12a-7dd2b96e496e    packages.scheduler.cronJob.services.java.getSchedulerJobData.main    packages.middleware.pub.server.core.gcApi took : 33ms to finish the job.
2026-08-13 18:46:00,034 INFO c.e.m.t.Tenant [DefaultQuartzScheduler_Worker-3] d4c49aaf-5116-376b-a12a-7dd2b96e496e    packages.scheduler.cronJob.services.java.getSchedulerJobData.main    packages.middleware.pub.server.core.gcApi: Service execution completed successfully
2026-08-13 18:47:00,008 INFO c.e.m.t.Tenant [DefaultQuartzScheduler_Worker-4] 585cecd9-2abb-3259-ab77-ba011955fd09    packages.scheduler.cronJob.services.java.getSchedulerJobData.main    Calling startJob for packages.middleware.pub.server.core.gcApi at time: 2026-08-13T18:47:00.005961900-06:00[America/Edmonton]
2026-08-13 18:47:00,013 INFO c.e.m.s.DataPipeline [DefaultQuartzScheduler_Worker-4] File created successfully: E:\Dev\oss-sl-server\integration\middleware\tenants\default\snapshots\packages.scheduler.cronJob.services.java.getSchedulerJobData.main@0\585cecd9-2abb-3259-ab77-ba011955fd09.snap
2026-08-13 18:47:00,037 INFO c.e.m.t.Tenant [DefaultQuartzScheduler_Worker-4] 585cecd9-2abb-3259-ab77-ba011955fd09    packages.scheduler.cronJob.services.java.getSchedulerJobData.main    packages.middleware.pub.server.core.gcApi ended at time: 2026-08-13 18:47:00
2026-08-13 18:47:00,037 INFO c.e.m.t.Tenant [DefaultQuartzScheduler_Worker-4] 585cecd9-2abb-3259-ab77-ba011955fd09    packages.scheduler.cronJob.services.java.getSchedulerJobData.main    packages.middleware.pub.server.core.gcApi took : 32ms to finish the job.
2026-08-13 18:47:00,037 INFO c.e.m.t.Tenant [DefaultQuartzScheduler_Worker-4] 585cecd9-2abb-3259-ab77-ba011955fd09    packages.scheduler.cronJob.services.java.getSchedulerJobData.main    packages.middleware.pub.server.core.gcApi: Service execution completed successfully
2026-08-13 18:48:00,002 INFO c.e.m.t.Tenant [DefaultQuartzScheduler_Worker-5] 82426d9c-4a6a-3b95-ac29-fb3dca99e674    packages.scheduler.cronJob.services.java.getSchedulerJobData.main    Calling startJob for packages.middleware.pub.server.core.gcApi at time: 2026-08-13T18:48:00.000818100-06:00[America/Edmonton]
2026-08-13 18:48:00,008 INFO c.e.m.s.DataPipeline [DefaultQuartzScheduler_Worker-5] File created successfully: E:\Dev\oss-sl-server\integration\middleware\tenants\default\snapshots\packages.scheduler.cronJob.services.java.getSchedulerJobData.main@0\82426d9c-4a6a-3b95-ac29-fb3dca99e674.snap
2026-08-13 18:48:00,026 INFO c.e.m.t.Tenant [DefaultQuartzScheduler_Worker-5] 82426d9c-4a6a-3b95-ac29-fb3dca99e674    packages.scheduler.cronJob.services.java.getSchedulerJobData.main    packages.middleware.pub.server.core.gcApi ended at time: 2026-08-13 18:48:00
2026-08-13 18:48:00,026 INFO c.e.m.t.Tenant [DefaultQuartzScheduler_Worker-5] 82426d9c-4a6a-3b95-ac29-fb3dca99e674    packages.scheduler.cronJob.services.java.getSchedulerJobData.main    packages.middleware.pub.server.core.gcApi took : 26ms to finish the job.
2026-08-13 18:48:00,026 INFO c.e.m.t.Tenant [DefaultQuartzScheduler_Worker-5] 82426d9c-4a6a-3b95-ac29-fb3dca99e674    packages.scheduler.cronJob.services.java.getSchedulerJobData.main    packages.middleware.pub.server.core.gcApi: Service execution completed successfully
2026-08-13 18:49:00,023 INFO c.e.m.t.Tenant [DefaultQuartzScheduler_Worker-6] 470ca7f5-05ef-3f3b-80ce-20a753a0997b    packages.scheduler.cronJob.services.java.getSchedulerJobData.main    Calling startJob for packages.middleware.pub.server.core.gcApi at time: 2026-08-13T18:49:00.023570400-06:00[America/Edmonton]
2026-08-13 18:49:00,023 INFO c.e.m.s.DataPipeline [DefaultQuartzScheduler_Worker-6] File created successfully: E:\Dev\oss-sl-server\integration\middleware\tenants\default\snapshots\packages.scheduler.cronJob.services.java.getSchedulerJobData.main@0\470ca7f5-05ef-3f3b-80ce-20a753a0997b.snap
2026-08-13 18:49:00,053 INFO c.e.m.t.Tenant [DefaultQuartzScheduler_Worker-6] 470ca7f5-05ef-3f3b-80ce-20a753a0997b    packages.scheduler.cronJob.services.java.getSchedulerJobData.main    packages.middleware.pub.server.core.gcApi ended at time: 2026-08-13 18:49:00
2026-08-13 18:49:00,053 INFO c.e.m.t.Tenant [DefaultQuartzScheduler_Worker-6] 470ca7f5-05ef-3f3b-80ce-20a753a0997b    packages.scheduler.cronJob.services.java.getSchedulerJobData.main    packages.middleware.pub.server.core.gcApi took : 30ms to finish the job.
2026-08-13 18:49:00,053 INFO c.e.m.t.Tenant [DefaultQuartzScheduler_Worker-6] 470ca7f5-05ef-3f3b-80ce-20a753a0997b    packages.scheduler.cronJob.services.java.getSchedulerJobData.main    packages.middleware.pub.server.core.gcApi: Service execution completed successfully
2026-08-13 18:50:00,004 INFO c.e.m.t.Tenant [DefaultQuartzScheduler_Worker-7] 7117210b-1fe1-368c-af9b-aec667d64c1b    packages.scheduler.cronJob.services.java.getSchedulerJobData.main    Calling startJob for packages.middleware.pub.server.core.gcApi at time: 2026-08-13T18:50:00.004285100-06:00[America/Edmonton]
2026-08-13 18:50:00,004 INFO c.e.m.s.DataPipeline [DefaultQuartzScheduler_Worker-7] File created successfully: E:\Dev\oss-sl-server\integration\middleware\tenants\default\snapshots\packages.scheduler.cronJob.services.java.getSchedulerJobData.main@0\7117210b-1fe1-368c-af9b-aec667d64c1b.snap
2026-08-13 18:50:00,036 INFO c.e.m.t.Tenant [DefaultQuartzScheduler_Worker-7] 7117210b-1fe1-368c-af9b-aec667d64c1b    packages.scheduler.cronJob.services.java.getSchedulerJobData.main    packages.middleware.pub.server.core.gcApi ended at time: 2026-08-13 18:50:00
2026-08-13 18:50:00,036 INFO c.e.m.t.Tenant [DefaultQuartzScheduler_Worker-7] 7117210b-1fe1-368c-af9b-aec667d64c1b    packages.scheduler.cronJob.services.java.getSchedulerJobData.main    packages.middleware.pub.server.core.gcApi took : 32ms to finish the job.
2026-08-13 18:50:00,036 INFO c.e.m.t.Tenant [DefaultQuartzScheduler_Worker-7] 7117210b-1fe1-368c-af9b-aec667d64c1b    packages.scheduler.cronJob.services.java.getSchedulerJobData.main    packages.middleware.pub.server.core.gcApi: Service execution completed successfully
2026-08-13 18:51:00,016 INFO c.e.m.t.Tenant [DefaultQuartzScheduler_Worker-8] de108295-e40e-35c3-853e-5bfc5d9cc572    packages.scheduler.cronJob.services.java.getSchedulerJobData.main    Calling startJob for packages.middleware.pub.server.core.gcApi at time: 2026-08-13T18:51:00.014925100-06:00[America/Edmonton]
2026-08-13 18:51:00,022 INFO c.e.m.s.DataPipeline [DefaultQuartzScheduler_Worker-8] File created successfully: E:\Dev\oss-sl-server\integration\middleware\tenants\default\snapshots\packages.scheduler.cronJob.services.java.getSchedulerJobData.main@0\de108295-e40e-35c3-853e-5bfc5d9cc572.snap
2026-08-13 18:51:00,045 INFO c.e.m.t.Tenant [DefaultQuartzScheduler_Worker-8] de108295-e40e-35c3-853e-5bfc5d9cc572    packages.scheduler.cronJob.services.java.getSchedulerJobData.main    packages.middleware.pub.server.core.gcApi ended at time: 2026-08-13 18:51:00
2026-08-13 18:51:00,045 INFO c.e.m.t.Tenant [DefaultQuartzScheduler_Worker-8] de108295-e40e-35c3-853e-5bfc5d9cc572    packages.scheduler.cronJob.services.java.getSchedulerJobData.main    packages.middleware.pub.server.core.gcApi took : 31ms to finish the job.
2026-08-13 18:51:00,045 INFO c.e.m.t.Tenant [DefaultQuartzScheduler_Worker-8] de108295-e40e-35c3-853e-5bfc5d9cc572    packages.scheduler.cronJob.services.java.getSchedulerJobData.main    packages.middleware.pub.server.core.gcApi: Service execution completed successfully
2026-08-13 18:52:00,005 INFO c.e.m.t.Tenant [DefaultQuartzScheduler_Worker-9] 808f85c7-4fd6-3b9d-8bd1-d4440b77311b    packages.scheduler.cronJob.services.java.getSchedulerJobData.main    Calling startJob for packages.middleware.pub.server.core.gcApi at time: 2026-08-13T18:52:00.003813600-06:00[America/Edmonton]
2026-08-13 18:52:00,009 INFO c.e.m.s.DataPipeline [DefaultQuartzScheduler_Worker-9] File created successfully: E:\Dev\oss-sl-server\integration\middleware\tenants\default\snapshots\packages.scheduler.cronJob.services.java.getSchedulerJobData.main@0\808f85c7-4fd6-3b9d-8bd1-d4440b77311b.snap
2026-08-13 18:52:00,033 INFO c.e.m.t.Tenant [DefaultQuartzScheduler_Worker-9] 808f85c7-4fd6-3b9d-8bd1-d4440b77311b    packages.scheduler.cronJob.services.java.getSchedulerJobData.main    packages.middleware.pub.server.core.gcApi ended at time: 2026-08-13 18:52:00
2026-08-13 18:52:00,033 INFO c.e.m.t.Tenant [DefaultQuartzScheduler_Worker-9] 808f85c7-4fd6-3b9d-8bd1-d4440b77311b    packages.scheduler.cronJob.services.java.getSchedulerJobData.main    packages.middleware.pub.server.core.gcApi took : 30ms to finish the job.
2026-08-13 18:52:00,033 INFO c.e.m.t.Tenant [DefaultQuartzScheduler_Worker-9] 808f85c7-4fd6-3b9d-8bd1-d4440b77311b    packages.scheduler.cronJob.services.java.getSchedulerJobData.main    packages.middleware.pub.server.core.gcApi: Service execution completed successfully
2026-08-13 18:53:00,003 INFO c.e.m.t.Tenant [DefaultQuartzScheduler_Worker-10] 2ffe3d49-b4b7-37b0-b7a6-5e9f9610454f    packages.scheduler.cronJob.services.java.getSchedulerJobData.main    Calling startJob for packages.middleware.pub.server.core.gcApi at time: 2026-08-13T18:53:00.001490900-06:00[America/Edmonton]
2026-08-13 18:53:00,007 INFO c.e.m.s.DataPipeline [DefaultQuartzScheduler_Worker-10] File created successfully: E:\Dev\oss-sl-server\integration\middleware\tenants\default\snapshots\packages.scheduler.cronJob.services.java.getSchedulerJobData.main@0\2ffe3d49-b4b7-37b0-b7a6-5e9f9610454f.snap
2026-08-13 18:53:00,034 INFO c.e.m.t.Tenant [DefaultQuartzScheduler_Worker-10] 2ffe3d49-b4b7-37b0-b7a6-5e9f9610454f    packages.scheduler.cronJob.services.java.getSchedulerJobData.main    packages.middleware.pub.server.core.gcApi ended at time: 2026-08-13 18:53:00
2026-08-13 18:53:00,034 INFO c.e.m.t.Tenant [DefaultQuartzScheduler_Worker-10] 2ffe3d49-b4b7-37b0-b7a6-5e9f9610454f    packages.scheduler.cronJob.services.java.getSchedulerJobData.main    packages.middleware.pub.server.core.gcApi took : 33ms to finish the job.
2026-08-13 18:53:00,034 INFO c.e.m.t.Tenant [DefaultQuartzScheduler_Worker-10] 2ffe3d49-b4b7-37b0-b7a6-5e9f9610454f    packages.scheduler.cronJob.services.java.getSchedulerJobData.main    packages.middleware.pub.server.core.gcApi: Service execution completed successfully
2026-08-13 18:54:00,015 INFO c.e.m.t.Tenant [DefaultQuartzScheduler_Worker-1] 37ce65e1-0e04-393b-87fe-c07a6f178144    packages.scheduler.cronJob.services.java.getSchedulerJobData.main    Calling startJob for packages.middleware.pub.server.core.gcApi at time: 2026-08-13T18:54:00.015744800-06:00[America/Edmonton]
2026-08-13 18:54:00,015 INFO c.e.m.s.DataPipeline [DefaultQuartzScheduler_Worker-1] File created successfully: E:\Dev\oss-sl-server\integration\middleware\tenants\default\snapshots\packages.scheduler.cronJob.services.java.getSchedulerJobData.main@0\37ce65e1-0e04-393b-87fe-c07a6f178144.snap
2026-08-13 18:54:00,033 INFO c.e.m.t.Tenant [DefaultQuartzScheduler_Worker-1] 37ce65e1-0e04-393b-87fe-c07a6f178144    packages.scheduler.cronJob.services.java.getSchedulerJobData.main    packages.middleware.pub.server.core.gcApi ended at time: 2026-08-13 18:54:00
2026-08-13 18:54:00,033 INFO c.e.m.t.Tenant [DefaultQuartzScheduler_Worker-1] 37ce65e1-0e04-393b-87fe-c07a6f178144    packages.scheduler.cronJob.services.java.getSchedulerJobData.main    packages.middleware.pub.server.core.gcApi took : 18ms to finish the job.
2026-08-13 18:54:00,033 INFO c.e.m.t.Tenant [DefaultQuartzScheduler_Worker-1] 37ce65e1-0e04-393b-87fe-c07a6f178144    packages.scheduler.cronJob.services.java.getSchedulerJobData.main    packages.middleware.pub.server.core.gcApi: Service execution completed successfully
2026-08-13 18:55:00,014 INFO c.e.m.t.Tenant [DefaultQuartzScheduler_Worker-2] 8daafe7a-eac4-3c4e-a5ac-676be20d69ae    packages.scheduler.cronJob.services.java.getSchedulerJobData.main    Calling startJob for packages.middleware.pub.server.core.gcApi at time: 2026-08-13T18:55:00.014238-06:00[America/Edmonton]
2026-08-13 18:55:00,014 INFO c.e.m.s.DataPipeline [DefaultQuartzScheduler_Worker-2] File created successfully: E:\Dev\oss-sl-server\integration\middleware\tenants\default\snapshots\packages.scheduler.cronJob.services.java.getSchedulerJobData.main@0\8daafe7a-eac4-3c4e-a5ac-676be20d69ae.snap
2026-08-13 18:55:00,043 INFO c.e.m.t.Tenant [DefaultQuartzScheduler_Worker-2] 8daafe7a-eac4-3c4e-a5ac-676be20d69ae    packages.scheduler.cronJob.services.java.getSchedulerJobData.main    packages.middleware.pub.server.core.gcApi ended at time: 2026-08-13 18:55:00
2026-08-13 18:55:00,043 INFO c.e.m.t.Tenant [DefaultQuartzScheduler_Worker-2] 8daafe7a-eac4-3c4e-a5ac-676be20d69ae    packages.scheduler.cronJob.services.java.getSchedulerJobData.main    packages.middleware.pub.server.core.gcApi took : 29ms to finish the job.
2026-08-13 18:55:00,043 INFO c.e.m.t.Tenant [DefaultQuartzScheduler_Worker-2] 8daafe7a-eac4-3c4e-a5ac-676be20d69ae    packages.scheduler.cronJob.services.java.getSchedulerJobData.main    packages.middleware.pub.server.core.gcApi: Service execution completed successfully
2026-08-13 18:56:00,011 INFO c.e.m.t.Tenant [DefaultQuartzScheduler_Worker-3] 6bd33a21-0396-3c9c-aa6b-935f8d2da70b    packages.scheduler.cronJob.services.java.getSchedulerJobData.main    Calling startJob for packages.middleware.pub.server.core.gcApi at time: 2026-08-13T18:56:00.011785400-06:00[America/Edmonton]
2026-08-13 18:56:00,011 INFO c.e.m.s.DataPipeline [DefaultQuartzScheduler_Worker-3] File created successfully: E:\Dev\oss-sl-server\integration\middleware\tenants\default\snapshots\packages.scheduler.cronJob.services.java.getSchedulerJobData.main@0\6bd33a21-0396-3c9c-aa6b-935f8d2da70b.snap
2026-08-13 18:56:00,044 INFO c.e.m.t.Tenant [DefaultQuartzScheduler_Worker-3] 6bd33a21-0396-3c9c-aa6b-935f8d2da70b    packages.scheduler.cronJob.services.java.getSchedulerJobData.main    packages.middleware.pub.server.core.gcApi ended at time: 2026-08-13 18:56:00
2026-08-13 18:56:00,044 INFO c.e.m.t.Tenant [DefaultQuartzScheduler_Worker-3] 6bd33a21-0396-3c9c-aa6b-935f8d2da70b    packages.scheduler.cronJob.services.java.getSchedulerJobData.main    packages.middleware.pub.server.core.gcApi took : 33ms to finish the job.
2026-08-13 18:56:00,044 INFO c.e.m.t.Tenant [DefaultQuartzScheduler_Worker-3] 6bd33a21-0396-3c9c-aa6b-935f8d2da70b    packages.scheduler.cronJob.services.java.getSchedulerJobData.main    packages.middleware.pub.server.core.gcApi: Service execution completed successfully
2026-08-13 18:57:00,005 INFO c.e.m.t.Tenant [DefaultQuartzScheduler_Worker-4] 38ba004d-2ba6-3fa6-97f7-5bf9d7b07d33    packages.scheduler.cronJob.services.java.getSchedulerJobData.main    Calling startJob for packages.middleware.pub.server.core.gcApi at time: 2026-08-13T18:57:00.005399700-06:00[America/Edmonton]
2026-08-13 18:57:00,005 INFO c.e.m.s.DataPipeline [DefaultQuartzScheduler_Worker-4] File created successfully: E:\Dev\oss-sl-server\integration\middleware\tenants\default\snapshots\packages.scheduler.cronJob.services.java.getSchedulerJobData.main@0\38ba004d-2ba6-3fa6-97f7-5bf9d7b07d33.snap
2026-08-13 18:57:00,037 INFO c.e.m.t.Tenant [DefaultQuartzScheduler_Worker-4] 38ba004d-2ba6-3fa6-97f7-5bf9d7b07d33    packages.scheduler.cronJob.services.java.getSchedulerJobData.main    packages.middleware.pub.server.core.gcApi ended at time: 2026-08-13 18:57:00
2026-08-13 18:57:00,037 INFO c.e.m.t.Tenant [DefaultQuartzScheduler_Worker-4] 38ba004d-2ba6-3fa6-97f7-5bf9d7b07d33    packages.scheduler.cronJob.services.java.getSchedulerJobData.main    packages.middleware.pub.server.core.gcApi took : 32ms to finish the job.
2026-08-13 18:57:00,037 INFO c.e.m.t.Tenant [DefaultQuartzScheduler_Worker-4] 38ba004d-2ba6-3fa6-97f7-5bf9d7b07d33    packages.scheduler.cronJob.services.java.getSchedulerJobData.main    packages.middleware.pub.server.core.gcApi: Service execution completed successfully
2026-08-13 18:58:00,009 INFO c.e.m.t.Tenant [DefaultQuartzScheduler_Worker-5] 422c4d49-fc4c-36c8-94d8-801090fd3b82    packages.scheduler.cronJob.services.java.getSchedulerJobData.main    Calling startJob for packages.middleware.pub.server.core.gcApi at time: 2026-08-13T18:58:00.009467900-06:00[America/Edmonton]
2026-08-13 18:58:00,009 INFO c.e.m.s.DataPipeline [DefaultQuartzScheduler_Worker-5] File created successfully: E:\Dev\oss-sl-server\integration\middleware\tenants\default\snapshots\packages.scheduler.cronJob.services.java.getSchedulerJobData.main@0\422c4d49-fc4c-36c8-94d8-801090fd3b82.snap
2026-08-13 18:58:00,037 INFO c.e.m.t.Tenant [DefaultQuartzScheduler_Worker-5] 422c4d49-fc4c-36c8-94d8-801090fd3b82    packages.scheduler.cronJob.services.java.getSchedulerJobData.main    packages.middleware.pub.server.core.gcApi ended at time: 2026-08-13 18:58:00
2026-08-13 18:58:00,037 INFO c.e.m.t.Tenant [DefaultQuartzScheduler_Worker-5] 422c4d49-fc4c-36c8-94d8-801090fd3b82    packages.scheduler.cronJob.services.java.getSchedulerJobData.main    packages.middleware.pub.server.core.gcApi took : 28ms to finish the job.
2026-08-13 18:58:00,037 INFO c.e.m.t.Tenant [DefaultQuartzScheduler_Worker-5] 422c4d49-fc4c-36c8-94d8-801090fd3b82    packages.scheduler.cronJob.services.java.getSchedulerJobData.main    packages.middleware.pub.server.core.gcApi: Service execution completed successfully
2026-08-13 18:59:00,009 INFO c.e.m.t.Tenant [DefaultQuartzScheduler_Worker-6] c241604c-b3a6-3adb-911a-c94b442d60d3    packages.scheduler.cronJob.services.java.getSchedulerJobData.main    Calling startJob for packages.middleware.pub.server.core.gcApi at time: 2026-08-13T18:59:00.006218400-06:00[America/Edmonton]
2026-08-13 18:59:00,014 INFO c.e.m.s.DataPipeline [DefaultQuartzScheduler_Worker-6] File created successfully: E:\Dev\oss-sl-server\integration\middleware\tenants\default\snapshots\packages.scheduler.cronJob.services.java.getSchedulerJobData.main@0\c241604c-b3a6-3adb-911a-c94b442d60d3.snap
2026-08-13 18:59:00,034 INFO c.e.m.t.Tenant [DefaultQuartzScheduler_Worker-6] c241604c-b3a6-3adb-911a-c94b442d60d3    packages.scheduler.cronJob.services.java.getSchedulerJobData.main    packages.middleware.pub.server.core.gcApi ended at time: 2026-08-13 18:59:00
2026-08-13 18:59:00,034 INFO c.e.m.t.Tenant [DefaultQuartzScheduler_Worker-6] c241604c-b3a6-3adb-911a-c94b442d60d3    packages.scheduler.cronJob.services.java.getSchedulerJobData.main    packages.middleware.pub.server.core.gcApi took : 28ms to finish the job.
2026-08-13 18:59:00,034 INFO c.e.m.t.Tenant [DefaultQuartzScheduler_Worker-6] c241604c-b3a6-3adb-911a-c94b442d60d3    packages.scheduler.cronJob.services.java.getSchedulerJobData.main    packages.middleware.pub.server.core.gcApi: Service execution completed successfully
2026-08-13 19:00:00,015 INFO c.e.m.t.Tenant [DefaultQuartzScheduler_Worker-7] abb197dc-f28b-36dc-a0c0-b2104aee708c    packages.scheduler.cronJob.services.java.getSchedulerJobData.main    Calling startJob for packages.middleware.pub.server.core.gcApi at time: 2026-08-13T19:00:00.013873800-06:00[America/Edmonton]
2026-08-13 19:00:00,019 INFO c.e.m.s.DataPipeline [DefaultQuartzScheduler_Worker-7] File created successfully: E:\Dev\oss-sl-server\integration\middleware\tenants\default\snapshots\packages.scheduler.cronJob.services.java.getSchedulerJobData.main@0\abb197dc-f28b-36dc-a0c0-b2104aee708c.snap
2026-08-13 19:00:00,045 INFO c.e.m.t.Tenant [DefaultQuartzScheduler_Worker-7] abb197dc-f28b-36dc-a0c0-b2104aee708c    packages.scheduler.cronJob.services.java.getSchedulerJobData.main    packages.middleware.pub.server.core.gcApi ended at time: 2026-08-13 19:00:00
2026-08-13 19:00:00,045 INFO c.e.m.t.Tenant [DefaultQuartzScheduler_Worker-7] abb197dc-f28b-36dc-a0c0-b2104aee708c    packages.scheduler.cronJob.services.java.getSchedulerJobData.main    packages.middleware.pub.server.core.gcApi took : 32ms to finish the job.
2026-08-13 19:00:00,045 INFO c.e.m.t.Tenant [DefaultQuartzScheduler_Worker-7] abb197dc-f28b-36dc-a0c0-b2104aee708c    packages.scheduler.cronJob.services.java.getSchedulerJobData.main    packages.middleware.pub.server.core.gcApi: Service execution completed successfully
2026-08-13 19:01:00,013 INFO c.e.m.t.Tenant [DefaultQuartzScheduler_Worker-8] 058e9b1a-5a8b-3926-89b5-4d797291f718    packages.scheduler.cronJob.services.java.getSchedulerJobData.main    Calling startJob for packages.middleware.pub.server.core.gcApi at time: 2026-08-13T19:01:00.013723900-06:00[America/Edmonton]
2026-08-13 19:01:00,013 INFO c.e.m.s.DataPipeline [DefaultQuartzScheduler_Worker-8] File created successfully: E:\Dev\oss-sl-server\integration\middleware\tenants\default\snapshots\packages.scheduler.cronJob.services.java.getSchedulerJobData.main@0\058e9b1a-5a8b-3926-89b5-4d797291f718.snap
2026-08-13 19:01:00,045 INFO c.e.m.t.Tenant [DefaultQuartzScheduler_Worker-8] 058e9b1a-5a8b-3926-89b5-4d797291f718    packages.scheduler.cronJob.services.java.getSchedulerJobData.main    packages.middleware.pub.server.core.gcApi ended at time: 2026-08-13 19:01:00
2026-08-13 19:01:00,045 INFO c.e.m.t.Tenant [DefaultQuartzScheduler_Worker-8] 058e9b1a-5a8b-3926-89b5-4d797291f718    packages.scheduler.cronJob.services.java.getSchedulerJobData.main    packages.middleware.pub.server.core.gcApi took : 32ms to finish the job.
2026-08-13 19:01:00,045 INFO c.e.m.t.Tenant [DefaultQuartzScheduler_Worker-8] 058e9b1a-5a8b-3926-89b5-4d797291f718    packages.scheduler.cronJob.services.java.getSchedulerJobData.main    packages.middleware.pub.server.core.gcApi: Service execution completed successfully
2026-08-13 19:02:00,015 INFO c.e.m.t.Tenant [DefaultQuartzScheduler_Worker-9] a15df810-4eee-3738-b7b0-896cc5fd4e32    packages.scheduler.cronJob.services.java.getSchedulerJobData.main    Calling startJob for packages.middleware.pub.server.core.gcApi at time: 2026-08-13T19:02:00.015933800-06:00[America/Edmonton]
2026-08-13 19:02:00,015 INFO c.e.m.s.DataPipeline [DefaultQuartzScheduler_Worker-9] File created successfully: E:\Dev\oss-sl-server\integration\middleware\tenants\default\snapshots\packages.scheduler.cronJob.services.java.getSchedulerJobData.main@0\a15df810-4eee-3738-b7b0-896cc5fd4e32.snap
2026-08-13 19:02:00,035 INFO c.e.m.t.Tenant [DefaultQuartzScheduler_Worker-9] a15df810-4eee-3738-b7b0-896cc5fd4e32    packages.scheduler.cronJob.services.java.getSchedulerJobData.main    packages.middleware.pub.server.core.gcApi ended at time: 2026-08-13 19:02:00
2026-08-13 19:02:00,035 INFO c.e.m.t.Tenant [DefaultQuartzScheduler_Worker-9] a15df810-4eee-3738-b7b0-896cc5fd4e32    packages.scheduler.cronJob.services.java.getSchedulerJobData.main    packages.middleware.pub.server.core.gcApi took : 20ms to finish the job.
2026-08-13 19:02:00,035 INFO c.e.m.t.Tenant [DefaultQuartzScheduler_Worker-9] a15df810-4eee-3738-b7b0-896cc5fd4e32    packages.scheduler.cronJob.services.java.getSchedulerJobData.main    packages.middleware.pub.server.core.gcApi: Service execution completed successfully
2026-08-13 19:03:00,011 INFO c.e.m.t.Tenant [DefaultQuartzScheduler_Worker-10] 0e68143e-d308-3ca5-876a-a956de62f55b    packages.scheduler.cronJob.services.java.getSchedulerJobData.main    Calling startJob for packages.middleware.pub.server.core.gcApi at time: 2026-08-13T19:03:00.011334400-06:00[America/Edmonton]
2026-08-13 19:03:00,011 INFO c.e.m.s.DataPipeline [DefaultQuartzScheduler_Worker-10] File created successfully: E:\Dev\oss-sl-server\integration\middleware\tenants\default\snapshots\packages.scheduler.cronJob.services.java.getSchedulerJobData.main@0\0e68143e-d308-3ca5-876a-a956de62f55b.snap
2026-08-13 19:03:00,043 INFO c.e.m.t.Tenant [DefaultQuartzScheduler_Worker-10] 0e68143e-d308-3ca5-876a-a956de62f55b    packages.scheduler.cronJob.services.java.getSchedulerJobData.main    packages.middleware.pub.server.core.gcApi ended at time: 2026-08-13 19:03:00
2026-08-13 19:03:00,043 INFO c.e.m.t.Tenant [DefaultQuartzScheduler_Worker-10] 0e68143e-d308-3ca5-876a-a956de62f55b    packages.scheduler.cronJob.services.java.getSchedulerJobData.main    packages.middleware.pub.server.core.gcApi took : 32ms to finish the job.
2026-08-13 19:03:00,043 INFO c.e.m.t.Tenant [DefaultQuartzScheduler_Worker-10] 0e68143e-d308-3ca5-876a-a956de62f55b    packages.scheduler.cronJob.services.java.getSchedulerJobData.main    packages.middleware.pub.server.core.gcApi: Service execution completed successfully
2026-08-13 19:04:00,004 INFO c.e.m.t.Tenant [DefaultQuartzScheduler_Worker-1] b12bc94f-a994-398d-b7d5-3107906a320d    packages.scheduler.cronJob.services.java.getSchedulerJobData.main    Calling startJob for packages.middleware.pub.server.core.gcApi at time: 2026-08-13T19:04:00.002195300-06:00[America/Edmonton]
2026-08-13 19:04:00,010 INFO c.e.m.s.DataPipeline [DefaultQuartzScheduler_Worker-1] File created successfully: E:\Dev\oss-sl-server\integration\middleware\tenants\default\snapshots\packages.scheduler.cronJob.services.java.getSchedulerJobData.main@0\b12bc94f-a994-398d-b7d5-3107906a320d.snap
2026-08-13 19:04:00,034 INFO c.e.m.t.Tenant [DefaultQuartzScheduler_Worker-1] b12bc94f-a994-398d-b7d5-3107906a320d    packages.scheduler.cronJob.services.java.getSchedulerJobData.main    packages.middleware.pub.server.core.gcApi ended at time: 2026-08-13 19:04:00
2026-08-13 19:04:00,034 INFO c.e.m.t.Tenant [DefaultQuartzScheduler_Worker-1] b12bc94f-a994-398d-b7d5-3107906a320d    packages.scheduler.cronJob.services.java.getSchedulerJobData.main    packages.middleware.pub.server.core.gcApi took : 32ms to finish the job.
2026-08-13 19:04:00,034 INFO c.e.m.t.Tenant [DefaultQuartzScheduler_Worker-1] b12bc94f-a994-398d-b7d5-3107906a320d    packages.scheduler.cronJob.services.java.getSchedulerJobData.main    packages.middleware.pub.server.core.gcApi: Service execution completed successfully
2026-08-13 19:05:00,011 INFO c.e.m.t.Tenant [DefaultQuartzScheduler_Worker-2] 9001f060-eaf5-3290-8a74-d806925fec9b    packages.scheduler.cronJob.services.java.getSchedulerJobData.main    Calling startJob for packages.middleware.pub.server.core.gcApi at time: 2026-08-13T19:05:00.011481-06:00[America/Edmonton]
2026-08-13 19:05:00,011 INFO c.e.m.s.DataPipeline [DefaultQuartzScheduler_Worker-2] File created successfully: E:\Dev\oss-sl-server\integration\middleware\tenants\default\snapshots\packages.scheduler.cronJob.services.java.getSchedulerJobData.main@0\9001f060-eaf5-3290-8a74-d806925fec9b.snap
2026-08-13 19:05:00,027 INFO c.e.m.t.Tenant [DefaultQuartzScheduler_Worker-2] 9001f060-eaf5-3290-8a74-d806925fec9b    packages.scheduler.cronJob.services.java.getSchedulerJobData.main    packages.middleware.pub.server.core.gcApi ended at time: 2026-08-13 19:05:00
2026-08-13 19:05:00,027 INFO c.e.m.t.Tenant [DefaultQuartzScheduler_Worker-2] 9001f060-eaf5-3290-8a74-d806925fec9b    packages.scheduler.cronJob.services.java.getSchedulerJobData.main    packages.middleware.pub.server.core.gcApi took : 16ms to finish the job.
2026-08-13 19:05:00,027 INFO c.e.m.t.Tenant [DefaultQuartzScheduler_Worker-2] 9001f060-eaf5-3290-8a74-d806925fec9b    packages.scheduler.cronJob.services.java.getSchedulerJobData.main    packages.middleware.pub.server.core.gcApi: Service execution completed successfully
2026-08-13 19:06:00,013 INFO c.e.m.t.Tenant [DefaultQuartzScheduler_Worker-3] d68c7fd4-0a0c-3c16-ad1a-10bff02daf10    packages.scheduler.cronJob.services.java.getSchedulerJobData.main    Calling startJob for packages.middleware.pub.server.core.gcApi at time: 2026-08-13T19:06:00.009175800-06:00[America/Edmonton]
2026-08-13 19:06:00,013 INFO c.e.m.s.DataPipeline [DefaultQuartzScheduler_Worker-3] File created successfully: E:\Dev\oss-sl-server\integration\middleware\tenants\default\snapshots\packages.scheduler.cronJob.services.java.getSchedulerJobData.main@0\d68c7fd4-0a0c-3c16-ad1a-10bff02daf10.snap
2026-08-13 19:06:00,040 INFO c.e.m.t.Tenant [DefaultQuartzScheduler_Worker-3] d68c7fd4-0a0c-3c16-ad1a-10bff02daf10    packages.scheduler.cronJob.services.java.getSchedulerJobData.main    packages.middleware.pub.server.core.gcApi ended at time: 2026-08-13 19:06:00
2026-08-13 19:06:00,040 INFO c.e.m.t.Tenant [DefaultQuartzScheduler_Worker-3] d68c7fd4-0a0c-3c16-ad1a-10bff02daf10    packages.scheduler.cronJob.services.java.getSchedulerJobData.main    packages.middleware.pub.server.core.gcApi took : 31ms to finish the job.
2026-08-13 19:06:00,040 INFO c.e.m.t.Tenant [DefaultQuartzScheduler_Worker-3] d68c7fd4-0a0c-3c16-ad1a-10bff02daf10    packages.scheduler.cronJob.services.java.getSchedulerJobData.main    packages.middleware.pub.server.core.gcApi: Service execution completed successfully
2026-08-13 19:07:00,008 INFO c.e.m.t.Tenant [DefaultQuartzScheduler_Worker-4] a0099039-68a7-35fb-bd0a-e2096efeedbc    packages.scheduler.cronJob.services.java.getSchedulerJobData.main    Calling startJob for packages.middleware.pub.server.core.gcApi at time: 2026-08-13T19:07:00.008463-06:00[America/Edmonton]
2026-08-13 19:07:00,008 INFO c.e.m.s.DataPipeline [DefaultQuartzScheduler_Worker-4] File created successfully: E:\Dev\oss-sl-server\integration\middleware\tenants\default\snapshots\packages.scheduler.cronJob.services.java.getSchedulerJobData.main@0\a0099039-68a7-35fb-bd0a-e2096efeedbc.snap
2026-08-13 19:07:00,024 INFO c.e.m.t.Tenant [DefaultQuartzScheduler_Worker-4] a0099039-68a7-35fb-bd0a-e2096efeedbc    packages.scheduler.cronJob.services.java.getSchedulerJobData.main    packages.middleware.pub.server.core.gcApi ended at time: 2026-08-13 19:07:00
2026-08-13 19:07:00,024 INFO c.e.m.t.Tenant [DefaultQuartzScheduler_Worker-4] a0099039-68a7-35fb-bd0a-e2096efeedbc    packages.scheduler.cronJob.services.java.getSchedulerJobData.main    packages.middleware.pub.server.core.gcApi took : 16ms to finish the job.
2026-08-13 19:07:00,041 INFO c.e.m.t.Tenant [DefaultQuartzScheduler_Worker-4] a0099039-68a7-35fb-bd0a-e2096efeedbc    packages.scheduler.cronJob.services.java.getSchedulerJobData.main    packages.middleware.pub.server.core.gcApi: Service execution completed successfully
2026-08-13 19:08:00,008 INFO c.e.m.t.Tenant [DefaultQuartzScheduler_Worker-5] 8dba123e-99e8-32ef-81e9-bcc23982cb84    packages.scheduler.cronJob.services.java.getSchedulerJobData.main    Calling startJob for packages.middleware.pub.server.core.gcApi at time: 2026-08-13T19:08:00.005773500-06:00[America/Edmonton]
2026-08-13 19:08:00,014 INFO c.e.m.s.DataPipeline [DefaultQuartzScheduler_Worker-5] File created successfully: E:\Dev\oss-sl-server\integration\middleware\tenants\default\snapshots\packages.scheduler.cronJob.services.java.getSchedulerJobData.main@0\8dba123e-99e8-32ef-81e9-bcc23982cb84.snap
2026-08-13 19:08:00,037 INFO c.e.m.t.Tenant [DefaultQuartzScheduler_Worker-5] 8dba123e-99e8-32ef-81e9-bcc23982cb84    packages.scheduler.cronJob.services.java.getSchedulerJobData.main    packages.middleware.pub.server.core.gcApi ended at time: 2026-08-13 19:08:00
2026-08-13 19:08:00,037 INFO c.e.m.t.Tenant [DefaultQuartzScheduler_Worker-5] 8dba123e-99e8-32ef-81e9-bcc23982cb84    packages.scheduler.cronJob.services.java.getSchedulerJobData.main    packages.middleware.pub.server.core.gcApi took : 32ms to finish the job.
2026-08-13 19:08:00,037 INFO c.e.m.t.Tenant [DefaultQuartzScheduler_Worker-5] 8dba123e-99e8-32ef-81e9-bcc23982cb84    packages.scheduler.cronJob.services.java.getSchedulerJobData.main    packages.middleware.pub.server.core.gcApi: Service execution completed successfully
2026-08-13 19:09:00,011 INFO c.e.m.t.Tenant [DefaultQuartzScheduler_Worker-6] dee91710-7371-36d8-a141-785e37bab839    packages.scheduler.cronJob.services.java.getSchedulerJobData.main    Calling startJob for packages.middleware.pub.server.core.gcApi at time: 2026-08-13T19:09:00.009443100-06:00[America/Edmonton]
2026-08-13 19:09:00,018 INFO c.e.m.s.DataPipeline [DefaultQuartzScheduler_Worker-6] File created successfully: E:\Dev\oss-sl-server\integration\middleware\tenants\default\snapshots\packages.scheduler.cronJob.services.java.getSchedulerJobData.main@0\dee91710-7371-36d8-a141-785e37bab839.snap
2026-08-13 19:09:00,041 INFO c.e.m.t.Tenant [DefaultQuartzScheduler_Worker-6] dee91710-7371-36d8-a141-785e37bab839    packages.scheduler.cronJob.services.java.getSchedulerJobData.main    packages.middleware.pub.server.core.gcApi ended at time: 2026-08-13 19:09:00
2026-08-13 19:09:00,041 INFO c.e.m.t.Tenant [DefaultQuartzScheduler_Worker-6] dee91710-7371-36d8-a141-785e37bab839    packages.scheduler.cronJob.services.java.getSchedulerJobData.main    packages.middleware.pub.server.core.gcApi took : 32ms to finish the job.
2026-08-13 19:09:00,041 INFO c.e.m.t.Tenant [DefaultQuartzScheduler_Worker-6] dee91710-7371-36d8-a141-785e37bab839    packages.scheduler.cronJob.services.java.getSchedulerJobData.main    packages.middleware.pub.server.core.gcApi: Service execution completed successfully
2026-08-13 19:10:00,009 INFO c.e.m.t.Tenant [DefaultQuartzScheduler_Worker-7] a58a8d0a-7034-3233-85ff-8a849c39932c    packages.scheduler.cronJob.services.java.getSchedulerJobData.main    Calling startJob for packages.middleware.pub.server.core.gcApi at time: 2026-08-13T19:10:00.005416800-06:00[America/Edmonton]
2026-08-13 19:10:00,009 INFO c.e.m.s.DataPipeline [DefaultQuartzScheduler_Worker-7] File created successfully: E:\Dev\oss-sl-server\integration\middleware\tenants\default\snapshots\packages.scheduler.cronJob.services.java.getSchedulerJobData.main@0\a58a8d0a-7034-3233-85ff-8a849c39932c.snap
2026-08-13 19:10:00,037 INFO c.e.m.t.Tenant [DefaultQuartzScheduler_Worker-7] a58a8d0a-7034-3233-85ff-8a849c39932c    packages.scheduler.cronJob.services.java.getSchedulerJobData.main    packages.middleware.pub.server.core.gcApi ended at time: 2026-08-13 19:10:00
2026-08-13 19:10:00,037 INFO c.e.m.t.Tenant [DefaultQuartzScheduler_Worker-7] a58a8d0a-7034-3233-85ff-8a849c39932c    packages.scheduler.cronJob.services.java.getSchedulerJobData.main    packages.middleware.pub.server.core.gcApi took : 32ms to finish the job.
2026-08-13 19:10:00,037 INFO c.e.m.t.Tenant [DefaultQuartzScheduler_Worker-7] a58a8d0a-7034-3233-85ff-8a849c39932c    packages.scheduler.cronJob.services.java.getSchedulerJobData.main    packages.middleware.pub.server.core.gcApi: Service execution completed successfully
2026-08-13 19:11:00,018 INFO c.e.m.t.Tenant [DefaultQuartzScheduler_Worker-8] f4b804bd-09f3-3929-bd59-d07df5697df2    packages.scheduler.cronJob.services.java.getSchedulerJobData.main    Calling startJob for packages.middleware.pub.server.core.gcApi at time: 2026-08-13T19:11:00.012614500-06:00[America/Edmonton]
2026-08-13 19:11:00,018 INFO c.e.m.s.DataPipeline [DefaultQuartzScheduler_Worker-8] File created successfully: E:\Dev\oss-sl-server\integration\middleware\tenants\default\snapshots\packages.scheduler.cronJob.services.java.getSchedulerJobData.main@0\f4b804bd-09f3-3929-bd59-d07df5697df2.snap
2026-08-13 19:11:00,044 INFO c.e.m.t.Tenant [DefaultQuartzScheduler_Worker-8] f4b804bd-09f3-3929-bd59-d07df5697df2    packages.scheduler.cronJob.services.java.getSchedulerJobData.main    packages.middleware.pub.server.core.gcApi ended at time: 2026-08-13 19:11:00
2026-08-13 19:11:00,044 INFO c.e.m.t.Tenant [DefaultQuartzScheduler_Worker-8] f4b804bd-09f3-3929-bd59-d07df5697df2    packages.scheduler.cronJob.services.java.getSchedulerJobData.main    packages.middleware.pub.server.core.gcApi took : 32ms to finish the job.
2026-08-13 19:11:00,044 INFO c.e.m.t.Tenant [DefaultQuartzScheduler_Worker-8] f4b804bd-09f3-3929-bd59-d07df5697df2    packages.scheduler.cronJob.services.java.getSchedulerJobData.main    packages.middleware.pub.server.core.gcApi: Service execution completed successfully
2026-08-13 19:12:00,005 INFO c.e.m.t.Tenant [DefaultQuartzScheduler_Worker-9] a3b4f9a0-2ab9-3ceb-b900-3812a0eed61c    packages.scheduler.cronJob.services.java.getSchedulerJobData.main    Calling startJob for packages.middleware.pub.server.core.gcApi at time: 2026-08-13T19:12:00.001514800-06:00[America/Edmonton]
2026-08-13 19:12:00,009 INFO c.e.m.s.DataPipeline [DefaultQuartzScheduler_Worker-9] File created successfully: E:\Dev\oss-sl-server\integration\middleware\tenants\default\snapshots\packages.scheduler.cronJob.services.java.getSchedulerJobData.main@0\a3b4f9a0-2ab9-3ceb-b900-3812a0eed61c.snap
2026-08-13 19:12:00,033 INFO c.e.m.t.Tenant [DefaultQuartzScheduler_Worker-9] a3b4f9a0-2ab9-3ceb-b900-3812a0eed61c    packages.scheduler.cronJob.services.java.getSchedulerJobData.main    packages.middleware.pub.server.core.gcApi ended at time: 2026-08-13 19:12:00
2026-08-13 19:12:00,033 INFO c.e.m.t.Tenant [DefaultQuartzScheduler_Worker-9] a3b4f9a0-2ab9-3ceb-b900-3812a0eed61c    packages.scheduler.cronJob.services.java.getSchedulerJobData.main    packages.middleware.pub.server.core.gcApi took : 32ms to finish the job.
2026-08-13 19:12:00,033 INFO c.e.m.t.Tenant [DefaultQuartzScheduler_Worker-9] a3b4f9a0-2ab9-3ceb-b900-3812a0eed61c    packages.scheduler.cronJob.services.java.getSchedulerJobData.main    packages.middleware.pub.server.core.gcApi: Service execution completed successfully
2026-08-13 19:13:00,014 INFO c.e.m.t.Tenant [DefaultQuartzScheduler_Worker-10] 9676ba22-1936-323a-9503-cd48ad282e87    packages.scheduler.cronJob.services.java.getSchedulerJobData.main    Calling startJob for packages.middleware.pub.server.core.gcApi at time: 2026-08-13T19:13:00.014474100-06:00[America/Edmonton]
2026-08-13 19:13:00,014 INFO c.e.m.s.DataPipeline [DefaultQuartzScheduler_Worker-10] File created successfully: E:\Dev\oss-sl-server\integration\middleware\tenants\default\snapshots\packages.scheduler.cronJob.services.java.getSchedulerJobData.main@0\9676ba22-1936-323a-9503-cd48ad282e87.snap
2026-08-13 19:13:00,044 INFO c.e.m.t.Tenant [DefaultQuartzScheduler_Worker-10] 9676ba22-1936-323a-9503-cd48ad282e87    packages.scheduler.cronJob.services.java.getSchedulerJobData.main    packages.middleware.pub.server.core.gcApi ended at time: 2026-08-13 19:13:00
2026-08-13 19:13:00,044 INFO c.e.m.t.Tenant [DefaultQuartzScheduler_Worker-10] 9676ba22-1936-323a-9503-cd48ad282e87    packages.scheduler.cronJob.services.java.getSchedulerJobData.main    packages.middleware.pub.server.core.gcApi took : 30ms to finish the job.
2026-08-13 19:13:00,044 INFO c.e.m.t.Tenant [DefaultQuartzScheduler_Worker-10] 9676ba22-1936-323a-9503-cd48ad282e87    packages.scheduler.cronJob.services.java.getSchedulerJobData.main    packages.middleware.pub.server.core.gcApi: Service execution completed successfully
2026-08-13 19:14:00,005 INFO c.e.m.t.Tenant [DefaultQuartzScheduler_Worker-1] fa499038-18d0-3f51-8e80-eb07fe27dea1    packages.scheduler.cronJob.services.java.getSchedulerJobData.main    Calling startJob for packages.middleware.pub.server.core.gcApi at time: 2026-08-13T19:14:00.005280600-06:00[America/Edmonton]
2026-08-13 19:14:00,011 INFO c.e.m.s.DataPipeline [DefaultQuartzScheduler_Worker-1] File created successfully: E:\Dev\oss-sl-server\integration\middleware\tenants\default\snapshots\packages.scheduler.cronJob.services.java.getSchedulerJobData.main@0\fa499038-18d0-3f51-8e80-eb07fe27dea1.snap
2026-08-13 19:14:00,034 INFO c.e.m.t.Tenant [DefaultQuartzScheduler_Worker-1] fa499038-18d0-3f51-8e80-eb07fe27dea1    packages.scheduler.cronJob.services.java.getSchedulerJobData.main    packages.middleware.pub.server.core.gcApi ended at time: 2026-08-13 19:14:00
2026-08-13 19:14:00,034 INFO c.e.m.t.Tenant [DefaultQuartzScheduler_Worker-1] fa499038-18d0-3f51-8e80-eb07fe27dea1    packages.scheduler.cronJob.services.java.getSchedulerJobData.main    packages.middleware.pub.server.core.gcApi took : 29ms to finish the job.
2026-08-13 19:14:00,034 INFO c.e.m.t.Tenant [DefaultQuartzScheduler_Worker-1] fa499038-18d0-3f51-8e80-eb07fe27dea1    packages.scheduler.cronJob.services.java.getSchedulerJobData.main    packages.middleware.pub.server.core.gcApi: Service execution completed successfully
2026-08-13 19:15:00,001 INFO c.e.m.t.Tenant [DefaultQuartzScheduler_Worker-2] 02db09aa-9c69-3eb2-b6b9-0bfa13482b64    packages.scheduler.cronJob.services.java.getSchedulerJobData.main    Calling startJob for packages.middleware.pub.server.core.gcApi at time: 2026-08-13T19:15:00.001971900-06:00[America/Edmonton]
2026-08-13 19:15:00,001 INFO c.e.m.s.DataPipeline [DefaultQuartzScheduler_Worker-2] File created successfully: E:\Dev\oss-sl-server\integration\middleware\tenants\default\snapshots\packages.scheduler.cronJob.services.java.getSchedulerJobData.main@0\02db09aa-9c69-3eb2-b6b9-0bfa13482b64.snap
2026-08-13 19:15:00,033 INFO c.e.m.t.Tenant [DefaultQuartzScheduler_Worker-2] 02db09aa-9c69-3eb2-b6b9-0bfa13482b64    packages.scheduler.cronJob.services.java.getSchedulerJobData.main    packages.middleware.pub.server.core.gcApi ended at time: 2026-08-13 19:15:00
2026-08-13 19:15:00,033 INFO c.e.m.t.Tenant [DefaultQuartzScheduler_Worker-2] 02db09aa-9c69-3eb2-b6b9-0bfa13482b64    packages.scheduler.cronJob.services.java.getSchedulerJobData.main    packages.middleware.pub.server.core.gcApi took : 32ms to finish the job.
2026-08-13 19:15:00,033 INFO c.e.m.t.Tenant [DefaultQuartzScheduler_Worker-2] 02db09aa-9c69-3eb2-b6b9-0bfa13482b64    packages.scheduler.cronJob.services.java.getSchedulerJobData.main    packages.middleware.pub.server.core.gcApi: Service execution completed successfully
2026-08-13 19:16:00,020 INFO c.e.m.t.Tenant [DefaultQuartzScheduler_Worker-3] b7124b9f-ec3a-3058-b222-54b9062d9375    packages.scheduler.cronJob.services.java.getSchedulerJobData.main    Calling startJob for packages.middleware.pub.server.core.gcApi at time: 2026-08-13T19:16:00.016438800-06:00[America/Edmonton]
2026-08-13 19:16:00,026 INFO c.e.m.s.DataPipeline [DefaultQuartzScheduler_Worker-3] File created successfully: E:\Dev\oss-sl-server\integration\middleware\tenants\default\snapshots\packages.scheduler.cronJob.services.java.getSchedulerJobData.main@0\b7124b9f-ec3a-3058-b222-54b9062d9375.snap
2026-08-13 19:16:00,050 INFO c.e.m.t.Tenant [DefaultQuartzScheduler_Worker-3] b7124b9f-ec3a-3058-b222-54b9062d9375    packages.scheduler.cronJob.services.java.getSchedulerJobData.main    packages.middleware.pub.server.core.gcApi ended at time: 2026-08-13 19:16:00
2026-08-13 19:16:00,050 INFO c.e.m.t.Tenant [DefaultQuartzScheduler_Worker-3] b7124b9f-ec3a-3058-b222-54b9062d9375    packages.scheduler.cronJob.services.java.getSchedulerJobData.main    packages.middleware.pub.server.core.gcApi took : 34ms to finish the job.
2026-08-13 19:16:00,050 INFO c.e.m.t.Tenant [DefaultQuartzScheduler_Worker-3] b7124b9f-ec3a-3058-b222-54b9062d9375    packages.scheduler.cronJob.services.java.getSchedulerJobData.main    packages.middleware.pub.server.core.gcApi: Service execution completed successfully
2026-08-13 19:17:00,009 INFO c.e.m.t.Tenant [DefaultQuartzScheduler_Worker-4] a8310dcf-9233-3a30-b33c-506941bfac1c    packages.scheduler.cronJob.services.java.getSchedulerJobData.main    Calling startJob for packages.middleware.pub.server.core.gcApi at time: 2026-08-13T19:17:00.009529900-06:00[America/Edmonton]
2026-08-13 19:17:00,018 INFO c.e.m.s.DataPipeline [DefaultQuartzScheduler_Worker-4] File created successfully: E:\Dev\oss-sl-server\integration\middleware\tenants\default\snapshots\packages.scheduler.cronJob.services.java.getSchedulerJobData.main@0\a8310dcf-9233-3a30-b33c-506941bfac1c.snap
2026-08-13 19:17:00,046 INFO c.e.m.t.Tenant [DefaultQuartzScheduler_Worker-4] a8310dcf-9233-3a30-b33c-506941bfac1c    packages.scheduler.cronJob.services.java.getSchedulerJobData.main    packages.middleware.pub.server.core.gcApi ended at time: 2026-08-13 19:17:00
2026-08-13 19:17:00,046 INFO c.e.m.t.Tenant [DefaultQuartzScheduler_Worker-4] a8310dcf-9233-3a30-b33c-506941bfac1c    packages.scheduler.cronJob.services.java.getSchedulerJobData.main    packages.middleware.pub.server.core.gcApi took : 37ms to finish the job.
2026-08-13 19:17:00,046 INFO c.e.m.t.Tenant [DefaultQuartzScheduler_Worker-4] a8310dcf-9233-3a30-b33c-506941bfac1c    packages.scheduler.cronJob.services.java.getSchedulerJobData.main    packages.middleware.pub.server.core.gcApi: Service execution completed successfully
2026-08-13 19:18:00,009 INFO c.e.m.t.Tenant [DefaultQuartzScheduler_Worker-5] b2b18548-2bae-3110-9e2c-0b0b62c51d77    packages.scheduler.cronJob.services.java.getSchedulerJobData.main    Calling startJob for packages.middleware.pub.server.core.gcApi at time: 2026-08-13T19:18:00.009833800-06:00[America/Edmonton]
2026-08-13 19:18:00,009 INFO c.e.m.s.DataPipeline [DefaultQuartzScheduler_Worker-5] File created successfully: E:\Dev\oss-sl-server\integration\middleware\tenants\default\snapshots\packages.scheduler.cronJob.services.java.getSchedulerJobData.main@0\b2b18548-2bae-3110-9e2c-0b0b62c51d77.snap
2026-08-13 19:18:00,039 INFO c.e.m.t.Tenant [DefaultQuartzScheduler_Worker-5] b2b18548-2bae-3110-9e2c-0b0b62c51d77    packages.scheduler.cronJob.services.java.getSchedulerJobData.main    packages.middleware.pub.server.core.gcApi ended at time: 2026-08-13 19:18:00
2026-08-13 19:18:00,039 INFO c.e.m.t.Tenant [DefaultQuartzScheduler_Worker-5] b2b18548-2bae-3110-9e2c-0b0b62c51d77    packages.scheduler.cronJob.services.java.getSchedulerJobData.main    packages.middleware.pub.server.core.gcApi took : 30ms to finish the job.
2026-08-13 19:18:00,039 INFO c.e.m.t.Tenant [DefaultQuartzScheduler_Worker-5] b2b18548-2bae-3110-9e2c-0b0b62c51d77    packages.scheduler.cronJob.services.java.getSchedulerJobData.main    packages.middleware.pub.server.core.gcApi: Service execution completed successfully
2026-08-13 19:19:00,016 INFO c.e.m.t.Tenant [DefaultQuartzScheduler_Worker-6] 7f2e4ea6-cc24-31e2-88f5-0056a7440254    packages.scheduler.cronJob.services.java.getSchedulerJobData.main    Calling startJob for packages.middleware.pub.server.core.gcApi at time: 2026-08-13T19:19:00.015447500-06:00[America/Edmonton]
2026-08-13 19:19:00,016 INFO c.e.m.s.DataPipeline [DefaultQuartzScheduler_Worker-6] File created successfully: E:\Dev\oss-sl-server\integration\middleware\tenants\default\snapshots\packages.scheduler.cronJob.services.java.getSchedulerJobData.main@0\7f2e4ea6-cc24-31e2-88f5-0056a7440254.snap
2026-08-13 19:19:00,041 INFO c.e.m.t.Tenant [DefaultQuartzScheduler_Worker-6] 7f2e4ea6-cc24-31e2-88f5-0056a7440254    packages.scheduler.cronJob.services.java.getSchedulerJobData.main    packages.middleware.pub.server.core.gcApi ended at time: 2026-08-13 19:19:00
2026-08-13 19:19:00,041 INFO c.e.m.t.Tenant [DefaultQuartzScheduler_Worker-6] 7f2e4ea6-cc24-31e2-88f5-0056a7440254    packages.scheduler.cronJob.services.java.getSchedulerJobData.main    packages.middleware.pub.server.core.gcApi took : 26ms to finish the job.
2026-08-13 19:19:00,041 INFO c.e.m.t.Tenant [DefaultQuartzScheduler_Worker-6] 7f2e4ea6-cc24-31e2-88f5-0056a7440254    packages.scheduler.cronJob.services.java.getSchedulerJobData.main    packages.middleware.pub.server.core.gcApi: Service execution completed successfully
2026-08-13 19:20:00,011 INFO c.e.m.t.Tenant [DefaultQuartzScheduler_Worker-7] c2e0f9e6-e46e-376f-9572-cc1caa6c439e    packages.scheduler.cronJob.services.java.getSchedulerJobData.main    Calling startJob for packages.middleware.pub.server.core.gcApi at time: 2026-08-13T19:20:00.011427300-06:00[America/Edmonton]
2026-08-13 19:20:00,011 INFO c.e.m.s.DataPipeline [DefaultQuartzScheduler_Worker-7] File created successfully: E:\Dev\oss-sl-server\integration\middleware\tenants\default\snapshots\packages.scheduler.cronJob.services.java.getSchedulerJobData.main@0\c2e0f9e6-e46e-376f-9572-cc1caa6c439e.snap
2026-08-13 19:20:00,043 INFO c.e.m.t.Tenant [DefaultQuartzScheduler_Worker-7] c2e0f9e6-e46e-376f-9572-cc1caa6c439e    packages.scheduler.cronJob.services.java.getSchedulerJobData.main    packages.middleware.pub.server.core.gcApi ended at time: 2026-08-13 19:20:00
2026-08-13 19:20:00,043 INFO c.e.m.t.Tenant [DefaultQuartzScheduler_Worker-7] c2e0f9e6-e46e-376f-9572-cc1caa6c439e    packages.scheduler.cronJob.services.java.getSchedulerJobData.main    packages.middleware.pub.server.core.gcApi took : 32ms to finish the job.
2026-08-13 19:20:00,043 INFO c.e.m.t.Tenant [DefaultQuartzScheduler_Worker-7] c2e0f9e6-e46e-376f-9572-cc1caa6c439e    packages.scheduler.cronJob.services.java.getSchedulerJobData.main    packages.middleware.pub.server.core.gcApi: Service execution completed successfully
